Archive member included to satisfy reference by file (symbol)

c:/Users/limak/AppData/Roaming/Code/User/globalStorage/bmd.stm32-for-vscode/@xpack-dev-tools/arm-none-eabi-gcc/14.2.1-1.1.1/.content/bin/../lib/gcc/arm-none-eabi/14.2.1/../../../../arm-none-eabi/lib/thumb/v7-m/nofp\libc_nano.a(libc_a-atexit.o)
                              c:/Users/limak/AppData/Roaming/Code/User/globalStorage/bmd.stm32-for-vscode/@xpack-dev-tools/arm-none-eabi-gcc/14.2.1-1.1.1/.content/bin/../lib/gcc/arm-none-eabi/14.2.1/../../../../arm-none-eabi/lib/thumb/v7-m/nofp/crt0.o (atexit)
c:/Users/limak/AppData/Roaming/Code/User/globalStorage/bmd.stm32-for-vscode/@xpack-dev-tools/arm-none-eabi-gcc/14.2.1-1.1.1/.content/bin/../lib/gcc/arm-none-eabi/14.2.1/../../../../arm-none-eabi/lib/thumb/v7-m/nofp\libc_nano.a(libc_a-exit.o)
                              c:/Users/limak/AppData/Roaming/Code/User/globalStorage/bmd.stm32-for-vscode/@xpack-dev-tools/arm-none-eabi-gcc/14.2.1-1.1.1/.content/bin/../lib/gcc/arm-none-eabi/14.2.1/../../../../arm-none-eabi/lib/thumb/v7-m/nofp/crt0.o (exit)
c:/Users/limak/AppData/Roaming/Code/User/globalStorage/bmd.stm32-for-vscode/@xpack-dev-tools/arm-none-eabi-gcc/14.2.1-1.1.1/.content/bin/../lib/gcc/arm-none-eabi/14.2.1/../../../../arm-none-eabi/lib/thumb/v7-m/nofp\libc_nano.a(libc_a-findfp.o)
                              c:/Users/limak/AppData/Roaming/Code/User/globalStorage/bmd.stm32-for-vscode/@xpack-dev-tools/arm-none-eabi-gcc/14.2.1-1.1.1/.content/bin/../lib/gcc/arm-none-eabi/14.2.1/../../../../arm-none-eabi/lib/thumb/v7-m/nofp\libc_nano.a(libc_a-exit.o) (__stdio_exit_handler)
c:/Users/limak/AppData/Roaming/Code/User/globalStorage/bmd.stm32-for-vscode/@xpack-dev-tools/arm-none-eabi-gcc/14.2.1-1.1.1/.content/bin/../lib/gcc/arm-none-eabi/14.2.1/../../../../arm-none-eabi/lib/thumb/v7-m/nofp\libc_nano.a(libc_a-fwalk.o)
                              c:/Users/limak/AppData/Roaming/Code/User/globalStorage/bmd.stm32-for-vscode/@xpack-dev-tools/arm-none-eabi-gcc/14.2.1-1.1.1/.content/bin/../lib/gcc/arm-none-eabi/14.2.1/../../../../arm-none-eabi/lib/thumb/v7-m/nofp\libc_nano.a(libc_a-findfp.o) (_fwalk_sglue)
c:/Users/limak/AppData/Roaming/Code/User/globalStorage/bmd.stm32-for-vscode/@xpack-dev-tools/arm-none-eabi-gcc/14.2.1-1.1.1/.content/bin/../lib/gcc/arm-none-eabi/14.2.1/../../../../arm-none-eabi/lib/thumb/v7-m/nofp\libc_nano.a(libc_a-snprintf.o)
                              build/debug/main.o (snprintf)
c:/Users/limak/AppData/Roaming/Code/User/globalStorage/bmd.stm32-for-vscode/@xpack-dev-tools/arm-none-eabi-gcc/14.2.1-1.1.1/.content/bin/../lib/gcc/arm-none-eabi/14.2.1/../../../../arm-none-eabi/lib/thumb/v7-m/nofp\libc_nano.a(libc_a-stdio.o)
                              c:/Users/limak/AppData/Roaming/Code/User/globalStorage/bmd.stm32-for-vscode/@xpack-dev-tools/arm-none-eabi-gcc/14.2.1-1.1.1/.content/bin/../lib/gcc/arm-none-eabi/14.2.1/../../../../arm-none-eabi/lib/thumb/v7-m/nofp\libc_nano.a(libc_a-findfp.o) (__sread)
c:/Users/limak/AppData/Roaming/Code/User/globalStorage/bmd.stm32-for-vscode/@xpack-dev-tools/arm-none-eabi-gcc/14.2.1-1.1.1/.content/bin/../lib/gcc/arm-none-eabi/14.2.1/../../../../arm-none-eabi/lib/thumb/v7-m/nofp\libc_nano.a(libc_a-memset.o)
                              c:/Users/limak/AppData/Roaming/Code/User/globalStorage/bmd.stm32-for-vscode/@xpack-dev-tools/arm-none-eabi-gcc/14.2.1-1.1.1/.content/bin/../lib/gcc/arm-none-eabi/14.2.1/../../../../arm-none-eabi/lib/thumb/v7-m/nofp/crt0.o (memset)
c:/Users/limak/AppData/Roaming/Code/User/globalStorage/bmd.stm32-for-vscode/@xpack-dev-tools/arm-none-eabi-gcc/14.2.1-1.1.1/.content/bin/../lib/gcc/arm-none-eabi/14.2.1/../../../../arm-none-eabi/lib/thumb/v7-m/nofp\libc_nano.a(libc_a-closer.o)
                              c:/Users/limak/AppData/Roaming/Code/User/globalStorage/bmd.stm32-for-vscode/@xpack-dev-tools/arm-none-eabi-gcc/14.2.1-1.1.1/.content/bin/../lib/gcc/arm-none-eabi/14.2.1/../../../../arm-none-eabi/lib/thumb/v7-m/nofp\libc_nano.a(libc_a-stdio.o) (_close_r)
c:/Users/limak/AppData/Roaming/Code/User/globalStorage/bmd.stm32-for-vscode/@xpack-dev-tools/arm-none-eabi-gcc/14.2.1-1.1.1/.content/bin/../lib/gcc/arm-none-eabi/14.2.1/../../../../arm-none-eabi/lib/thumb/v7-m/nofp\libc_nano.a(libc_a-reent.o)
                              c:/Users/limak/AppData/Roaming/Code/User/globalStorage/bmd.stm32-for-vscode/@xpack-dev-tools/arm-none-eabi-gcc/14.2.1-1.1.1/.content/bin/../lib/gcc/arm-none-eabi/14.2.1/../../../../arm-none-eabi/lib/thumb/v7-m/nofp\libc_nano.a(libc_a-closer.o) (errno)
c:/Users/limak/AppData/Roaming/Code/User/globalStorage/bmd.stm32-for-vscode/@xpack-dev-tools/arm-none-eabi-gcc/14.2.1-1.1.1/.content/bin/../lib/gcc/arm-none-eabi/14.2.1/../../../../arm-none-eabi/lib/thumb/v7-m/nofp\libc_nano.a(libc_a-impure.o)
[...]
Memory Configuration

Name             Origin             Length             Attributes
RAM              0x20000000         0x0000c000         xrw
FLASH            0x08000000         0x00040000         xr
*default*        0x00000000         0xffffffff

Linker script and memory map

LOAD c:/Users/limak/AppData/Roaming/Code/User/globalStorage/bmd.stm32-for-vscode/@xpack-dev-tools/arm-none-eabi-gcc/14.2.1-1.1.1/.content/bin/../lib/gcc/arm-none-eabi/14.2.1/thumb/v7-m/nofp/crti.o
LOAD c:/Users/limak/AppData/Roaming/Code/User/globalStorage/bmd.stm32-for-vscode/@xpack-dev-tools/arm-none-eabi-gcc/14.2.1-1.1.1/.content/bin/../lib/gcc/arm-none-eabi/14.2.1/thumb/v7-m/nofp/crtbegin.o
LOAD c:/Users/limak/AppData/Roaming/Code/User/globalStorage/bmd.stm32-for-vscode/@xpack-dev-tools/arm-none-eabi-gcc/14.2.1-1.1.1/.content/bin/../lib/gcc/arm-none-eabi/14.2.1/../../../../arm-none-eabi/lib/thumb/v7-m/nofp/crt0.o
LOAD build/debug/cmsis_os.o
LOAD build/debug/croutine.o
LOAD build/debug/dwt_stm32_delay.o
LOAD build/debug/event_groups.o
LOAD build/debug/freertos.o
LOAD build/debug/heap_4.o
LOAD build/debug/list.o
LOAD build/debug/main.o
LOAD build/debug/port.o
LOAD build/debug/queue.o
LOAD build/debug/stm32_sw_i2c.o
LOAD build/debug/stm32f1xx_hal.o
LOAD build/debug/stm32f1xx_hal_cortex.o
LOAD build/debug/stm32f1xx_hal_dma.o
LOAD build/debug/stm32f1xx_hal_exti.o
LOAD build/debug/stm32f1xx_hal_flash.o
LOAD build/debug/stm32f1xx_hal_flash_ex.o
LOAD build/debug/stm32f1xx_hal_gpio.o
LOAD build/debug/stm32f1xx_hal_gpio_ex.o
LOAD build/debug/stm32f1xx_hal_i2c.o
LOAD build/debug/stm32f1xx_hal_msp.o
LOAD build/debug/stm32f1xx_hal_pwr.o
LOAD build/debug/stm32f1xx_hal_rcc.o
LOAD build/debug/stm32f1xx_hal_rcc_ex.o
LOAD build/debug/stm32f1xx_hal_tim.o
LOAD build/debug/stm32f1xx_hal_tim_ex.o
LOAD build/debug/stm32f1xx_hal_timebase_tim.o
LOAD build/debug/stm32f1xx_hal_uart.o
LOAD build/debug/stm32f1xx_it.o
LOAD build/debug/stream_buffer.o
LOAD build/debug/syscalls.o
LOAD build/debug/sysmem.o
LOAD build/debug/system_stm32f1xx.o
LOAD build/debug/tasks.o
LOAD build/debug/timers.o
LOAD build/debug/startup_stm32f103xe.o
LOAD c:/Users/limak/AppData/Roaming/Code/User/globalStorage/bmd.stm32-for-vscode/@xpack-dev-tools/arm-none-eabi-gcc/14.2.1-1.1.1/.content/bin/../lib/gcc/arm-none-eabi/14.2.1/../../../../arm-none-eabi/lib/thumb/v7-m/nofp\libc_nano.a
LOAD c:/Users/limak/AppData/Roaming/Code/User/globalStorage/bmd.stm32-for-vscode/@xpack-dev-tools/arm-none-eabi-gcc/14.2.1-1.1.1/.content/bin/../lib/gcc/arm-none-eabi/14.2.1/../../../../arm-none-eabi/lib/thumb/v7-m/nofp\libm.a
LOAD c:/Users/limak/AppData/Roaming/Code/User/globalStorage/bmd.stm32-for-vscode/@xpack-dev-tools/arm-none-eabi-gcc/14.2.1-1.1.1/.content/bin/../lib/gcc/arm-none-eabi/14.2.1/../../../../arm-none-eabi/lib/thumb/v7-m/nofp\libnosys.a
START GROUP
LOAD c:/Users/limak/AppData/Roaming/Code/User/globalStorage/bmd.stm32-for-vscode/@xpack-dev-tools/arm-none-eabi-gcc/14.2.1-1.1.1/.content/bin/../lib/gcc/arm-none-eabi/14.2.1/thumb/v7-m/nofp\libgcc.a
LOAD c:/Users/limak/AppData/Roaming/Code/User/globalStorage/bmd.stm32-for-vscode/@xpack-dev-tools/arm-none-eabi-gcc/14.2.1-1.1.1/.content/bin/../lib/gcc/arm-none-eabi/14.2.1/../../../../arm-none-eabi/lib/thumb/v7-m/nofp\libc_nano.a
END GROUP
START GROUP
LOAD c:/Users/limak/AppData/Roaming/Code/User/globalStorage/bmd.stm32-for-vscode/@xpack-dev-tools/arm-none-eabi-gcc/14.2.1-1.1.1/.content/bin/../lib/gcc/arm-none-eabi/14.2.1/thumb/v7-m/nofp\libgcc.a
LOAD c:/Users/limak/AppData/Roaming/Code/User/globalStorage/bmd.stm32-for-vscode/@xpack-dev-tools/arm-none-eabi-gcc/14.2.1-1.1.1/.content/bin/../lib/gcc/arm-none-eabi/14.2.1/../../../../arm-none-eabi/lib/thumb/v7-m/nofp\libc_nano.a
END GROUP
LOAD c:/Users/limak/AppData/Roaming/Code/User/globalStorage/bmd.stm32-for-vscode/@xpack-dev-tools/arm-none-eabi-gcc/14.2.1-1.1.1/.content/bin/../lib/gcc/arm-none-eabi/14.2.1/thumb/v7-m/nofp/crtend.o
LOAD c:/Users/limak/AppData/Roaming/Code/User/globalStorage/bmd.stm32-for-vscode/@xpack-dev-tools/arm-none-eabi-gcc/14.2.1-1.1.1/.content/bin/../lib/gcc/arm-none-eabi/14.2.1/thumb/v7-m/nofp/crtn.o
                0x2000c000                        _estack = (ORIGIN (RAM) + LENGTH (RAM))
                0x00000200                        _Min_Heap_Size = 0x200
                0x00000400                        _Min_Stack_Size = 0x400

.isr_vector     0x08000000      0x1e4
                0x08000000                        . = ALIGN (0x4)
 *(.isr_vector)
 .isr_vector    0x08000000      0x1e4 build/debug/startup_stm32f103xe.o
                0x08000000                g_pfnVectors
                0x080001e4                        . = ALIGN (0x4)

.text           0x080001f0     0x42bc
                0x080001f0                        . = ALIGN (0x4)
 *(.text)
 .text          0x080001f0       0x10 c:/Users/limak/AppData/Roaming/Code/User/globalStorage/bmd.stm32-for-vscode/@xpack-dev-tools/arm-none-eabi-gcc/14.2.1-1.1.1/.content/bin/../lib/gcc/arm-none-eabi/14.2.1/../../../../arm-none-eabi/lib/thumb/v7-m/nofp\libc_nano.a(libc_a-strlen.o)
                0x080001f0                strlen
 .text          0x08000200      0x168 c:/Users/limak/AppData/Roaming/Code/User/globalStorage/bmd.stm32-for-vscode/@xpack-dev-tools/arm-none-eabi-gcc/14.2.1-1.1.1/.content/bin/../lib/gcc/arm-none-eabi/14.2.1/thumb/v7-m/nofp\libgcc.a(_arm_mulsf3.o)
                0x08000200                __aeabi_fmul
                0x08000200                __mulsf3
 .text          0x08000368      0x378 c:/Users/limak/AppData/Roaming/Code/User/globalStorage/bmd.stm32-for-vscode/@xpack-dev-tools/arm-none-eabi-gcc/14.2.1-1.1.1/.content/bin/../lib/gcc/arm-none-eabi/14.2.1/thumb/v7-m/nofp\libgcc.a(_arm_addsubdf3.o)
                0x08000368                __aeabi_drsub
                0x08000370                __aeabi_dsub
                0x08000370                __subdf3
                0x08000374                __aeabi_dadd
                0x08000374                __adddf3
                0x080005ec                __floatunsidf
                0x080005ec                __aeabi_ui2d
                0x0800060c                __floatsidf
                0x0800060c                __aeabi_i2d
                0x08000630                __aeabi_f2d
                0x08000630                __extendsfdf2
                0x08000674                __floatundidf
                0x08000674                __aeabi_ul2d
                0x08000684                __floatdidf
                0x08000684                __aeabi_l2d
 .text          0x080006e0      0x424 c:/Users/limak/AppData/Roaming/Code/User/globalStorage/bmd.stm32-for-vscode/@xpack-dev-tools/arm-none-eabi-gcc/14.2.1-1.1.1/.content/bin/../lib/gcc/arm-none-eabi/14.2.1/thumb/v7-m/nofp\libgcc.a(_arm_muldivdf3.o)
                0x080006e0                __aeabi_dmul
                0x080006e0                __muldf3
                0x08000934                __divdf3
                0x08000934                __aeabi_ddiv
 .text          0x08000b04       0xa0 c:/Users/limak/AppData/Roaming/Code/User/globalStorage/bmd.stm32-for-vscode/@xpack-dev-tools/arm-none-eabi-gcc/14.2.1-1.1.1/.content/bin/../lib/gcc/arm-none-eabi/14.2.1/thumb/v7-m/nofp\libgcc.a(_arm_truncdfsf2.o)
                0x08000b04                __truncdfsf2
                0x08000b04                __aeabi_d2f
 .text          0x08000ba4      0x21c c:/Users/limak/AppData/Roaming/Code/User/globalStorage/bmd.stm32-for-vscode/@xpack-dev-tools/arm-none-eabi-gcc/14.2.1-1.1.1/.content/bin/../lib/gcc/arm-none-eabi/14.2.1/thumb/v7-m/nofp\libgcc.a(_arm_addsubsf3.o)
                0x08000ba4                __aeabi_frsub
                0x08000bac                __subsf3
                0x08000bac                __aeabi_fsub
                0x08000bb0                __aeabi_fadd
                0x08000bb0                __addsf3
                0x08000d10                __aeabi_ui2f
                0x08000d10                __floatunsisf
                0x08000d18                __aeabi_i2f
                0x08000d18                __floatsisf
                0x08000d34                __aeabi_ul2f
                0x08000d34                __floatundisf
                0x08000d44                __aeabi_l2f
                0x08000d44                __floatdisf
 .text          0x08000dc0       0x4c c:/Users/limak/AppData/Roaming/Code/User/globalStorage/bmd.stm32-for-vscode/@xpack-dev-tools/arm-none-eabi-gcc/14.2.1-1.1.1/.content/bin/../lib/gcc/arm-none-eabi/14.2.1/thumb/v7-m/nofp\libgcc.a(_arm_fixsfsi.o)
                0x08000dc0                __aeabi_f2iz
                0x08000dc0                __fixsfsi
 *(.text*)
 .text.__do_global_dtors_aux
                0x08000e0c       0x24 c:/Users/limak/AppData/Roaming/Code/User/globalStorage/bmd.stm32-for-vscode/@xpack-dev-tools/arm-none-eabi-gcc/14.2.1-1.1.1/.content/bin/../lib/gcc/arm-none-eabi/14.2.1/thumb/v7-m/nofp/crtbegin.o
 .text.frame_dummy
                0x08000e30       0x1c c:/Users/limak/AppData/Roaming/Code/User/globalStorage/bmd.stm32-for-vscode/@xpack-dev-tools/arm-none-eabi-gcc/14.2.1-1.1.1/.content/bin/../lib/gcc/arm-none-eabi/14.2.1/thumb/v7-m/nofp/crtbegin.o
 .text.DWT_Delay_Init
                0x08000e4c       0x48 build/debug/dwt_stm32_delay.o
                0x08000e4c                DWT_Delay_Init
 .text.vListInsertEnd
                0x08000e94       0x16 build/debug/list.o
                0x08000e94                vListInsertEnd
 .text.uxListRemove
                0x08000eaa       0x26 build/debug/list.o
                0x08000eaa                uxListRemove
 .text.MX_GPIO_Init
                0x08000ed0       0xa4 build/debug/main.o
 .text.MCP3421_ReadRaw
                0x08000f74       0x58 build/debug/main.o
                0x08000f74                MCP3421_ReadRaw
 .text.MCP3421_Soft_ReadRaw
                0x08000fcc       0x66 build/debug/main.o
                0x08000fcc                MCP3421_Soft_ReadRaw
 *fill*         0x08001032        0x6 
 .text.mcpToVoltage
                0x08001038       0x68 build/debug/main.o
                0x08001038                mcpToVoltage
 .text.HAL_TIM_PeriodElapsedCallback
                0x080010a0       0x18 build/debug/main.o
                0x080010a0                HAL_TIM_PeriodElapsedCallback
 .text.Error_Handler
                0x080010b8        0x4 build/debug/main.o
                0x080010b8                Error_Handler
 .text.MX_I2C1_Init
                0x080010bc       0x38 build/debug/main.o
 .text.MX_USART1_UART_Init
                0x080010f4       0x34 build/debug/main.o
 .text.MX_USART2_UART_Init
                0x08001128       0x34 build/debug/main.o
 .text.SystemClock_Config
                0x0800115c       0x6a build/debug/main.o
                0x0800115c                SystemClock_Config
 *fill*         0x080011c6        0x2 
 .text.main     0x080011c8      0x110 build/debug/main.o
                0x080011c8                main
 *fill*         0x080012d8        0x8 
 .text.SVC_Handler
                0x080012e0       0x24 build/debug/port.o
                0x080012e0                SVC_Handler
 *fill*         0x08001304        0xc 
 .text.PendSV_Handler
                0x08001310       0x44 build/debug/port.o
                0x08001310                PendSV_Handler
 .text.SysTick_Handler
                0x08001354       0x2c build/debug/port.o
                0x08001354                SysTick_Handler
 .text.DWT_Delay_us
                0x08001380       0x38 build/debug/stm32_sw_i2c.o
 .text.I2C_init
                0x080013b8       0x20 build/debug/stm32_sw_i2c.o
                0x080013b8                I2C_init
 .text.I2C_start_cond
                0x080013d8       0x44 build/debug/stm32_sw_i2c.o
                0x080013d8                I2C_start_cond
 .text.I2C_stop_cond
                0x0800141c       0x3c build/debug/stm32_sw_i2c.o
                0x0800141c                I2C_stop_cond
 .text.I2C_write_bit
                0x08001458       0x44 build/debug/stm32_sw_i2c.o
                0x08001458                I2C_write_bit
 .text.I2C_read_SDA
                0x0800149c       0x18 build/debug/stm32_sw_i2c.o
                0x0800149c                I2C_read_SDA
 .text.I2C_read_bit
                0x080014b4       0x3c build/debug/stm32_sw_i2c.o
                0x080014b4                I2C_read_bit
 .text.I2C_write_byte
                0x080014f0       0x3c build/debug/stm32_sw_i2c.o
                0x080014f0                I2C_write_byte
 .text.I2C_read_byte
                0x0800152c       0x3c build/debug/stm32_sw_i2c.o
                0x0800152c                I2C_read_byte
 .text.HAL_Init
                0x08001568       0x24 build/debug/stm32f1xx_hal.o
                0x08001568                HAL_Init
 .text.HAL_IncTick
                0x0800158c       0x18 build/debug/stm32f1xx_hal.o
                0x0800158c                HAL_IncTick
 .text.HAL_GetTick
                0x080015a4        0xc build/debug/stm32f1xx_hal.o
                0x080015a4                HAL_GetTick
 .text.HAL_Delay
                0x080015b0       0x28 build/debug/stm32f1xx_hal.o
                0x080015b0                HAL_Delay
 .text.__NVIC_SetPriority
                0x080015d8       0x28 build/debug/stm32f1xx_hal_cortex.o
 .text.NVIC_EncodePriority
                0x08001600       0x3e build/debug/stm32f1xx_hal_cortex.o
 *fill*         0x0800163e        0x2 
 .text.HAL_NVIC_SetPriorityGrouping
                0x08001640       0x24 build/debug/stm32f1xx_hal_cortex.o
                0x08001640                HAL_NVIC_SetPriorityGrouping
 .text.HAL_NVIC_SetPriority
                0x08001664       0x20 build/debug/stm32f1xx_hal_cortex.o
                0x08001664                HAL_NVIC_SetPriority
 .text.HAL_NVIC_EnableIRQ
                0x08001684       0x1c build/debug/stm32f1xx_hal_cortex.o
                0x08001684                HAL_NVIC_EnableIRQ
 .text.HAL_DMA_Abort
                0x080016a0       0x44 build/debug/stm32f1xx_hal_dma.o
                0x080016a0                HAL_DMA_Abort
 .text.HAL_DMA_Abort_IT
                0x080016e4      0x168 build/debug/stm32f1xx_hal_dma.o
                0x080016e4                HAL_DMA_Abort_IT
 .text.HAL_GPIO_Init
                0x0800184c      0x230 build/debug/stm32f1xx_hal_gpio.o
                0x0800184c                HAL_GPIO_Init
 .text.HAL_GPIO_ReadPin
                0x08001a7c        0xe build/debug/stm32f1xx_hal_gpio.o
                0x08001a7c                HAL_GPIO_ReadPin
 .text.HAL_GPIO_WritePin
                0x08001a8a        0xc build/debug/stm32f1xx_hal_gpio.o
                0x08001a8a                HAL_GPIO_WritePin
 .text.HAL_GPIO_TogglePin
                0x08001a96       0x12 build/debug/stm32f1xx_hal_gpio.o
                0x08001a96                HAL_GPIO_TogglePin
 .text.I2C_IsAcknowledgeFailed
                0x08001aa8       0x32 build/debug/stm32f1xx_hal_i2c.o
 .text.I2C_WaitOnFlagUntilTimeout
                0x08001ada       0xaa build/debug/stm32f1xx_hal_i2c.o
 .text.I2C_WaitOnMasterAddressFlagUntilTimeout
                0x08001b84       0xd6 build/debug/stm32f1xx_hal_i2c.o
 *fill*         0x08001c5a        0x2 
 .text.I2C_MasterRequestWrite
                0x08001c5c       0xb4 build/debug/stm32f1xx_hal_i2c.o
 .text.I2C_MasterRequestRead
                0x08001d10      0x120 build/debug/stm32f1xx_hal_i2c.o
 .text.I2C_WaitOnTXEFlagUntilTimeout
                0x08001e30       0x5e build/debug/stm32f1xx_hal_i2c.o
 .text.I2C_WaitOnBTFFlagUntilTimeout
                0x08001e8e       0x5e build/debug/stm32f1xx_hal_i2c.o
 .text.I2C_WaitOnRXNEFlagUntilTimeout
                0x08001eec       0x78 build/debug/stm32f1xx_hal_i2c.o
 .text.HAL_I2C_Init
                0x08001f64      0x1bc build/debug/stm32f1xx_hal_i2c.o
                0x08001f64                HAL_I2C_Init
 .text.HAL_I2C_Master_Transmit
                0x08002120      0x174 build/debug/stm32f1xx_hal_i2c.o
                0x08002120                HAL_I2C_Master_Transmit
 .text.HAL_I2C_Master_Receive
                0x08002294      0x354 build/debug/stm32f1xx_hal_i2c.o
                0x08002294                HAL_I2C_Master_Receive
 .text.HAL_MspInit
                0x080025e8       0x54 build/debug/stm32f1xx_hal_msp.o
                0x080025e8                HAL_MspInit
 .text.HAL_I2C_MspInit
                0x0800263c       0x78 build/debug/stm32f1xx_hal_msp.o
                0x0800263c                HAL_I2C_MspInit
 .text.HAL_UART_MspInit
                0x080026b4       0xf8 build/debug/stm32f1xx_hal_msp.o
                0x080026b4                HAL_UART_MspInit
 .text.RCC_Delay
                0x080027ac       0x2c build/debug/stm32f1xx_hal_rcc.o
 .text.HAL_RCC_OscConfig
                0x080027d8      0x410 build/debug/stm32f1xx_hal_rcc.o
                0x080027d8                HAL_RCC_OscConfig
 .text.HAL_RCC_GetSysClockFreq
                0x08002be8       0x60 build/debug/stm32f1xx_hal_rcc.o
                0x08002be8                HAL_RCC_GetSysClockFreq
 .text.HAL_RCC_ClockConfig
                0x08002c48      0x16c build/debug/stm32f1xx_hal_rcc.o
                0x08002c48                HAL_RCC_ClockConfig
 .text.HAL_RCC_GetHCLKFreq
                0x08002db4        0xc build/debug/stm32f1xx_hal_rcc.o
                0x08002db4                HAL_RCC_GetHCLKFreq
 .text.HAL_RCC_GetPCLK1Freq
                0x08002dc0       0x20 build/debug/stm32f1xx_hal_rcc.o
                0x08002dc0                HAL_RCC_GetPCLK1Freq
 .text.HAL_RCC_GetPCLK2Freq
                0x08002de0       0x20 build/debug/stm32f1xx_hal_rcc.o
                0x08002de0                HAL_RCC_GetPCLK2Freq
 .text.HAL_RCC_GetClockConfig
                0x08002e00       0x3c build/debug/stm32f1xx_hal_rcc.o
                0x08002e00                HAL_RCC_GetClockConfig
 .text.HAL_TIM_Base_MspInit
                0x08002e3c        0x2 build/debug/stm32f1xx_hal_tim.o
                0x08002e3c                HAL_TIM_Base_MspInit
 *fill*         0x08002e3e        0x2 
 .text.HAL_TIM_Base_Start_IT
                0x08002e40       0x74 build/debug/stm32f1xx_hal_tim.o
                0x08002e40                HAL_TIM_Base_Start_IT
 .text.HAL_TIM_OC_DelayElapsedCallback
                0x08002eb4        0x2 build/debug/stm32f1xx_hal_tim.o
                0x08002eb4                HAL_TIM_OC_DelayElapsedCallback
 .text.HAL_TIM_IC_CaptureCallback
                0x08002eb6        0x2 build/debug/stm32f1xx_hal_tim.o
                0x08002eb6                HAL_TIM_IC_CaptureCallback
 .text.HAL_TIM_PWM_PulseFinishedCallback
                0x08002eb8        0x2 build/debug/stm32f1xx_hal_tim.o
                0x08002eb8                HAL_TIM_PWM_PulseFinishedCallback
 .text.HAL_TIM_TriggerCallback
                0x08002eba        0x2 build/debug/stm32f1xx_hal_tim.o
                0x08002eba                HAL_TIM_TriggerCallback
 .text.HAL_TIM_IRQHandler
                0x08002ebc      0x15e build/debug/stm32f1xx_hal_tim.o
                0x08002ebc                HAL_TIM_IRQHandler
 *fill*         0x0800301a        0x2 
 .text.TIM_Base_SetConfig
                0x0800301c       0xa8 build/debug/stm32f1xx_hal_tim.o
                0x0800301c                TIM_Base_SetConfig
 .text.HAL_TIM_Base_Init
                0x080030c4       0x58 build/debug/stm32f1xx_hal_tim.o
                0x080030c4                HAL_TIM_Base_Init
 .text.HAL_TIMEx_CommutCallback
                0x0800311c        0x2 build/debug/stm32f1xx_hal_tim_ex.o
                0x0800311c                HAL_TIMEx_CommutCallback
 .text.HAL_TIMEx_BreakCallback
                0x0800311e        0x2 build/debug/stm32f1xx_hal_tim_ex.o
                0x0800311e                HAL_TIMEx_BreakCallback
 .text.HAL_InitTick
                0x08003120       0x94 build/debug/stm32f1xx_hal_timebase_tim.o
                0x08003120                HAL_InitTick
 .text.UART_EndRxTransfer
                0x080031b4       0x5c build/debug/stm32f1xx_hal_uart.o
 .text.UART_Transmit_IT
                0x08003210       0x5e build/debug/stm32f1xx_hal_uart.o
 *fill*         0x0800326e        0x2 
 .text.UART_SetConfig
                0x08003270       0x94 build/debug/stm32f1xx_hal_uart.o
 .text.UART_WaitOnFlagUntilTimeout
                0x08003304       0x86 build/debug/stm32f1xx_hal_uart.o
 .text.HAL_UART_Init
                0x0800338a       0x60 build/debug/stm32f1xx_hal_uart.o
                0x0800338a                HAL_UART_Init
 .text.HAL_UART_Transmit
                0x080033ea       0xca build/debug/stm32f1xx_hal_uart.o
                0x080033ea                HAL_UART_Transmit
 .text.HAL_UART_TxCpltCallback
                0x080034b4        0x2 build/debug/stm32f1xx_hal_uart.o
                0x080034b4                HAL_UART_TxCpltCallback
 .text.UART_EndTransmit_IT
                0x080034b6       0x1a build/debug/stm32f1xx_hal_uart.o
 .text.HAL_UART_RxCpltCallback
                0x080034d0        0x2 build/debug/stm32f1xx_hal_uart.o
                0x080034d0                HAL_UART_RxCpltCallback
 .text.HAL_UART_ErrorCallback
                0x080034d2        0x2 build/debug/stm32f1xx_hal_uart.o
                0x080034d2                HAL_UART_ErrorCallback
 .text.UART_DMAAbortOnError
                0x080034d4       0x10 build/debug/stm32f1xx_hal_uart.o
 .text.HAL_UARTEx_RxEventCallback
                0x080034e4        0x2 build/debug/stm32f1xx_hal_uart.o
                0x080034e4                HAL_UARTEx_RxEventCallback
 .text.UART_Receive_IT
                0x080034e6       0xe4 build/debug/stm32f1xx_hal_uart.o
 *fill*         0x080035ca        0x2 
 .text.HAL_UART_IRQHandler
                0x080035cc      0x284 build/debug/stm32f1xx_hal_uart.o
                0x080035cc                HAL_UART_IRQHandler
 .text.NMI_Handler
                0x08003850        0x2 build/debug/stm32f1xx_it.o
                0x08003850                NMI_Handler
 .text.HardFault_Handler
                0x08003852        0x2 build/debug/stm32f1xx_it.o
                0x08003852                HardFault_Handler
 .text.MemManage_Handler
                0x08003854        0x2 build/debug/stm32f1xx_it.o
                0x08003854                MemManage_Handler
 .text.BusFault_Handler
                0x08003856        0x2 build/debug/stm32f1xx_it.o
                0x08003856                BusFault_Handler
 .text.UsageFault_Handler
                0x08003858        0x2 build/debug/stm32f1xx_it.o
                0x08003858                UsageFault_Handler
 .text.DebugMon_Handler
                0x0800385a        0x2 build/debug/stm32f1xx_it.o
                0x0800385a                DebugMon_Handler
 .text.TIM1_UP_IRQHandler
                0x0800385c       0x10 build/debug/stm32f1xx_it.o
                0x0800385c                TIM1_UP_IRQHandler
 .text.USART1_IRQHandler
                0x0800386c       0x10 build/debug/stm32f1xx_it.o
                0x0800386c                USART1_IRQHandler
 .text.USART2_IRQHandler
                0x0800387c       0x10 build/debug/stm32f1xx_it.o
                0x0800387c                USART2_IRQHandler
 .text._sbrk    0x0800388c       0x48 build/debug/sysmem.o
                0x0800388c                _sbrk
 .text.SystemInit
                0x080038d4        0x2 build/debug/system_stm32f1xx.o
                0x080038d4                SystemInit
 *fill*         0x080038d6        0x2 
 .text.prvResetNextTaskUnblockTime
                0x080038d8       0x2c build/debug/tasks.o
 .text.xTaskIncrementTick
                0x08003904      0x118 build/debug/tasks.o
                0x08003904                xTaskIncrementTick
 .text.vTaskSwitchContext
                0x08003a1c       0x98 build/debug/tasks.o
                0x08003a1c                vTaskSwitchContext
 .text.Reset_Handler
                0x08003ab4       0x48 build/debug/startup_stm32f103xe.o
                0x08003ab4                Reset_Handler
 .text.Default_Handler
                0x08003afc        0x2 build/debug/startup_stm32f103xe.o
                0x08003afc                RTC_Alarm_IRQHandler
                0x08003afc                EXTI2_IRQHandler
                0x08003afc                TIM8_TRG_COM_IRQHandler
                0x08003afc                TIM8_CC_IRQHandler
                0x08003afc                TIM1_CC_IRQHandler
                0x08003afc                TIM6_IRQHandler
                0x08003afc                PVD_IRQHandler
                0x08003afc                SDIO_IRQHandler
                0x08003afc                EXTI3_IRQHandler
                0x08003afc                EXTI0_IRQHandler
                0x08003afc                I2C2_EV_IRQHandler
                0x08003afc                ADC1_2_IRQHandler
                0x08003afc                SPI1_IRQHandler
                0x08003afc                TAMPER_IRQHandler
                0x08003afc                TIM8_UP_IRQHandler
                0x08003afc                DMA2_Channel2_IRQHandler
                0x08003afc                DMA1_Channel4_IRQHandler
                0x08003afc                USART3_IRQHandler
                0x08003afc                RTC_IRQHandler
                0x08003afc                DMA1_Channel7_IRQHandler
                0x08003afc                CAN1_RX1_IRQHandler
                0x08003afc                UART5_IRQHandler
                0x08003afc                ADC3_IRQHandler
                0x08003afc                TIM4_IRQHandler
                0x08003afc                DMA2_Channel1_IRQHandler
                0x08003afc                I2C1_EV_IRQHandler
                0x08003afc                DMA1_Channel6_IRQHandler
                0x08003afc                UART4_IRQHandler
                0x08003afc                TIM3_IRQHandler
                0x08003afc                RCC_IRQHandler
                0x08003afc                TIM1_TRG_COM_IRQHandler
                0x08003afc                DMA1_Channel1_IRQHandler
                0x08003afc                Default_Handler
                0x08003afc                EXTI15_10_IRQHandler
                0x08003afc                TIM7_IRQHandler
                0x08003afc                TIM5_IRQHandler
                0x08003afc                EXTI9_5_IRQHandler
                0x08003afc                SPI2_IRQHandler
                0x08003afc                DMA1_Channel5_IRQHandler
                0x08003afc                EXTI4_IRQHandler
                0x08003afc                USB_LP_CAN1_RX0_IRQHandler
                0x08003afc                USB_HP_CAN1_TX_IRQHandler
                0x08003afc                DMA1_Channel3_IRQHandler
                0x08003afc                FSMC_IRQHandler
                0x08003afc                WWDG_IRQHandler
                0x08003afc                TIM2_IRQHandler
                0x08003afc                TIM1_BRK_IRQHandler
                0x08003afc                EXTI1_IRQHandler
                0x08003afc                DMA2_Channel4_5_IRQHandler
                0x08003afc                I2C2_ER_IRQHandler
                0x08003afc                DMA1_Channel2_IRQHandler
                0x08003afc                TIM8_BRK_IRQHandler
                0x08003afc                CAN1_SCE_IRQHandler
                0x08003afc                FLASH_IRQHandler
                0x08003afc                SPI3_IRQHandler
                0x08003afc                I2C1_ER_IRQHandler
                0x08003afc                USBWakeUp_IRQHandler
                0x08003afc                DMA2_Channel3_IRQHandler
 *fill*         0x08003afe        0x2 
 .text.snprintf
                0x08003b00       0x6c c:/Users/limak/AppData/Roaming/Code/User/globalStorage/bmd.stm32-for-vscode/@xpack-dev-tools/arm-none-eabi-gcc/14.2.1-1.1.1/.content/bin/../lib/gcc/arm-none-eabi/14.2.1/../../../../arm-none-eabi/lib/thumb/v7-m/nofp\libc_nano.a(libc_a-snprintf.o)
                0x08003b00                sniprintf
                0x08003b00                snprintf
 .text.memset   0x08003b6c       0x10 c:/Users/limak/AppData/Roaming/Code/User/globalStorage/bmd.stm32-for-vscode/@xpack-dev-tools/arm-none-eabi-gcc/14.2.1-1.1.1/.content/bin/../lib/gcc/arm-none-eabi/14.2.1/../../../../arm-none-eabi/lib/thumb/v7-m/nofp\libc_nano.a(libc_a-memset.o)
                0x08003b6c                memset
 .text.__errno  0x08003b7c        0xc c:/Users/limak/AppData/Roaming/Code/User/globalStorage/bmd.stm32-for-vscode/@xpack-dev-tools/arm-none-eabi-gcc/14.2.1-1.1.1/.content/bin/../lib/gcc/arm-none-eabi/14.2.1/../../../../arm-none-eabi/lib/thumb/v7-m/nofp\libc_nano.a(libc_a-errno.o)
                0x08003b7c                __errno
 .text.__libc_init_array
                0x08003b88       0x48 c:/Users/limak/AppData/Roaming/Code/User/globalStorage/bmd.stm32-for-vscode/@xpack-dev-tools/arm-none-eabi-gcc/14.2.1-1.1.1/.content/bin/../lib/gcc/arm-none-eabi/14.2.1/../../../../arm-none-eabi/lib/thumb/v7-m/nofp\libc_nano.a(libc_a-init.o)
                0x08003b88                __libc_init_array
 .text.__retarget_lock_acquire_recursive
                0x08003bd0        0x2 c:/Users/limak/AppData/Roaming/Code/User/globalStorage/bmd.stm32-for-vscode/@xpack-dev-tools/arm-none-eabi-gcc/14.2.1-1.1.1/.content/bin/../lib/gcc/arm-none-eabi/14.2.1/../../../../arm-none-eabi/lib/thumb/v7-m/nofp\libc_nano.a(libc_a-lock.o)
                0x08003bd0                __retarget_lock_acquire_recursive
 .text.__retarget_lock_release_recursive
                0x08003bd2        0x2 c:/Users/limak/AppData/Roaming/Code/User/globalStorage/bmd.stm32-for-vscode/@xpack-dev-tools/arm-none-eabi-gcc/14.2.1-1.1.1/.content/bin/../lib/gcc/arm-none-eabi/14.2.1/../../../../arm-none-eabi/lib/thumb/v7-m/nofp\libc_nano.a(libc_a-lock.o)
                0x08003bd2                __retarget_lock_release_recursive
 .text.memcpy   0x08003bd4       0x1c c:/Users/limak/AppData/Roaming/Code/User/globalStorage/bmd.stm32-for-vscode/@xpack-dev-tools/arm-none-eabi-gcc/14.2.1-1.1.1/.content/bin/../lib/gcc/arm-none-eabi/14.2.1/../../../../arm-none-eabi/lib/thumb/v7-m/nofp\libc_nano.a(libc_a-memcpy-stub.o)
                0x08003bd4                memcpy
 .text._free_r  0x08003bf0       0x90 c:/Users/limak/AppData/Roaming/Code/User/globalStorage/bmd.stm32-for-vscode/@xpack-dev-tools/arm-none-eabi-gcc/14.2.1-1.1.1/.content/bin/../lib/gcc/arm-none-eabi/14.2.1/../../../../arm-none-eabi/lib/thumb/v7-m/nofp\libc_nano.a(libc_a-freer.o)
                0x08003bf0                _free_r
 .text.sbrk_aligned
                0x08003c80       0x44 c:/Users/limak/AppData/Roaming/Code/User/globalStorage/bmd.stm32-for-vscode/@xpack-dev-tools/arm-none-eabi-gcc/14.2.1-1.1.1/.content/bin/../lib/gcc/arm-none-eabi/14.2.1/../../../../arm-none-eabi/lib/thumb/v7-m/nofp\libc_nano.a(libc_a-mallocr.o)
 .text._malloc_r
                0x08003cc4      0x100 c:/Users/limak/AppData/Roaming/Code/User/globalStorage/bmd.stm32-for-vscode/@xpack-dev-tools/arm-none-eabi-gcc/14.2.1-1.1.1/.content/bin/../lib/gcc/arm-none-eabi/14.2.1/../../../../arm-none-eabi/lib/thumb/v7-m/nofp\libc_nano.a(libc_a-mallocr.o)
                0x08003cc4                _malloc_r
 .text.__malloc_lock
                0x08003dc4        0xc c:/Users/limak/AppData/Roaming/Code/User/globalStorage/bmd.stm32-for-vscode/@xpack-dev-tools/arm-none-eabi-gcc/14.2.1-1.1.1/.content/bin/../lib/gcc/arm-none-eabi/14.2.1/../../../../arm-none-eabi/lib/thumb/v7-m/nofp\libc_nano.a(libc_a-mlock.o)
                0x08003dc4                __malloc_lock
 .text.__malloc_unlock
                0x08003dd0        0xc c:/Users/limak/AppData/Roaming/Code/User/globalStorage/bmd.stm32-for-vscode/@xpack-dev-tools/arm-none-eabi-gcc/14.2.1-1.1.1/.content/bin/../lib/gcc/arm-none-eabi/14.2.1/../../../../arm-none-eabi/lib/thumb/v7-m/nofp\libc_nano.a(libc_a-mlock.o)
                0x08003dd0                __malloc_unlock
 .text.__ssputs_r
                0x08003ddc       0xc0 c:/Users/limak/AppData/Roaming/Code/User/globalStorage/bmd.stm32-for-vscode/@xpack-dev-tools/arm-none-eabi-gcc/14.2.1-1.1.1/.content/bin/../lib/gcc/arm-none-eabi/14.2.1/../../../../arm-none-eabi/lib/thumb/v7-m/nofp\libc_nano.a(libc_a-nano-svfprintf.o)
                0x08003ddc                __ssputs_r
 .text._svfprintf_r
                0x08003e9c      0x1f8 c:/Users/limak/AppData/Roaming/Code/User/globalStorage/bmd.stm32-for-vscode/@xpack-dev-tools/arm-none-eabi-gcc/14.2.1-1.1.1/.content/bin/../lib/gcc/arm-none-eabi/14.2.1/../../../../arm-none-eabi/lib/thumb/v7-m/nofp\libc_nano.a(libc_a-nano-svfprintf.o)
                0x08003e9c                _svfiprintf_r
                0x08003e9c                _svfprintf_r
 .text._printf_common
                0x08004094       0xe4 c:/Users/limak/AppData/Roaming/Code/User/globalStorage/bmd.stm32-for-vscode/@xpack-dev-tools/arm-none-eabi-gcc/14.2.1-1.1.1/.content/bin/../lib/gcc/arm-none-eabi/14.2.1/../../../../arm-none-eabi/lib/thumb/v7-m/nofp\libc_nano.a(libc_a-nano-vfprintf_i.o)
                0x08004094                _printf_common
 .text._printf_i
                0x08004178      0x240 c:/Users/limak/AppData/Roaming/Code/User/globalStorage/bmd.stm32-for-vscode/@xpack-dev-tools/arm-none-eabi-gcc/14.2.1-1.1.1/.content/bin/../lib/gcc/arm-none-eabi/14.2.1/../../../../arm-none-eabi/lib/thumb/v7-m/nofp\libc_nano.a(libc_a-nano-vfprintf_i.o)
                0x08004178                _printf_i
 .text.memmove  0x080043b8       0x32 c:/Users/limak/AppData/Roaming/Code/User/globalStorage/bmd.stm32-for-vscode/@xpack-dev-tools/arm-none-eabi-gcc/14.2.1-1.1.1/.content/bin/../lib/gcc/arm-none-eabi/14.2.1/../../../../arm-none-eabi/lib/thumb/v7-m/nofp\libc_nano.a(libc_a-memmove.o)
                0x080043b8                memmove
 *fill*         0x080043ea        0x2 
 .text._sbrk_r  0x080043ec       0x20 c:/Users/limak/AppData/Roaming/Code/User/globalStorage/bmd.stm32-for-vscode/@xpack-dev-tools/arm-none-eabi-gcc/14.2.1-1.1.1/.content/bin/../lib/gcc/arm-none-eabi/14.2.1/../../../../arm-none-eabi/lib/thumb/v7-m/nofp\libc_nano.a(libc_a-sbrkr.o)
                0x080043ec                _sbrk_r
 .text.memchr   0x0800440c       0x1c c:/Users/limak/AppData/Roaming/Code/User/globalStorage/bmd.stm32-for-vscode/@xpack-dev-tools/arm-none-eabi-gcc/14.2.1-1.1.1/.content/bin/../lib/gcc/arm-none-eabi/14.2.1/../../../../arm-none-eabi/lib/thumb/v7-m/nofp\libc_nano.a(libc_a-memchr-stub.o)
                0x0800440c                memchr
 .text._realloc_r
                0x08004428       0x5c c:/Users/limak/AppData/Roaming/Code/User/globalStorage/bmd.stm32-for-vscode/@xpack-dev-tools/arm-none-eabi-gcc/14.2.1-1.1.1/.content/bin/../lib/gcc/arm-none-eabi/14.2.1/../../../../arm-none-eabi/lib/thumb/v7-m/nofp\libc_nano.a(libc_a-reallocr.o)
                0x08004428                _realloc_r
 .text._malloc_usable_size_r
                0x08004484       0x10 c:/Users/limak/AppData/Roaming/Code/User/globalStorage/bmd.stm32-for-vscode/@xpack-dev-tools/arm-none-eabi-gcc/14.2.1-1.1.1/.content/bin/../lib/gcc/arm-none-eabi/14.2.1/../../../../arm-none-eabi/lib/thumb/v7-m/nofp\libc_nano.a(libc_a-msizer.o)
                0x08004484                _malloc_usable_size_r
 *(.glue_7)
 .glue_7        0x08004494        0x0 linker stubs
 *(.glue_7t)
 .glue_7t       0x08004494        0x0 linker stubs
 *(.eh_frame)
 .eh_frame      0x08004494        0x0 c:/Users/limak/AppData/Roaming/Code/User/globalStorage/bmd.stm32-for-vscode/@xpack-dev-tools/arm-none-eabi-gcc/14.2.1-1.1.1/.content/bin/../lib/gcc/arm-none-eabi/14.2.1/thumb/v7-m/nofp/crtbegin.o
 *(.init)
 .init          0x08004494        0x4 c:/Users/limak/AppData/Roaming/Code/User/globalStorage/bmd.stm32-for-vscode/@xpack-dev-tools/arm-none-eabi-gcc/14.2.1-1.1.1/.content/bin/../lib/gcc/arm-none-eabi/14.2.1/thumb/v7-m/nofp/crti.o
                0x08004494                _init
 .init          0x08004498        0x8 c:/Users/limak/AppData/Roaming/Code/User/globalStorage/bmd.stm32-for-vscode/@xpack-dev-tools/arm-none-eabi-gcc/14.2.1-1.1.1/.content/bin/../lib/gcc/arm-none-eabi/14.2.1/thumb/v7-m/nofp/crtn.o
 *(.fini)
 .fini          0x080044a0        0x4 c:/Users/limak/AppData/Roaming/Code/User/globalStorage/bmd.stm32-for-vscode/@xpack-dev-tools/arm-none-eabi-gcc/14.2.1-1.1.1/.content/bin/../lib/gcc/arm-none-eabi/14.2.1/thumb/v7-m/nofp/crti.o
                0x080044a0                _fini
 .fini          0x080044a4        0x8 c:/Users/limak/AppData/Roaming/Code/User/globalStorage/bmd.stm32-for-vscode/@xpack-dev-tools/arm-none-eabi-gcc/14.2.1-1.1.1/.content/bin/../lib/gcc/arm-none-eabi/14.2.1/thumb/v7-m/nofp/crtn.o
                0x080044ac                        . = ALIGN (0x4)
                0x080044ac                        _etext = .

.vfp11_veneer   0x080044ac        0x0
 .vfp11_veneer  0x080044ac        0x0 linker stubs

.v4_bx          0x080044ac        0x0
 .v4_bx         0x080044ac        0x0 linker stubs

.iplt           0x080044ac        0x0
 .iplt          0x080044ac        0x0 c:/Users/limak/AppData/Roaming/Code/User/globalStorage/bmd.stm32-for-vscode/@xpack-dev-tools/arm-none-eabi-gcc/14.2.1-1.1.1/.content/bin/../lib/gcc/arm-none-eabi/14.2.1/thumb/v7-m/nofp/crtbegin.o

.rodata         0x080044ac       0xa4
                0x080044ac                        . = ALIGN (0x4)
 *(.rodata)
 *(.rodata*)
 .rodata.main.str1.4
                0x080044ac       0x42 build/debug/main.o
 *fill*         0x080044ee        0x2 
 .rodata.aPredivFactorTable.0
                0x080044f0        0x2 build/debug/stm32f1xx_hal_rcc.o
 *fill*         0x080044f2        0x2 
 .rodata.aPLLMULFactorTable.1
                0x080044f4       0x10 build/debug/stm32f1xx_hal_rcc.o
 .rodata.APBPrescTable
                0x08004504        0x8 build/debug/system_stm32f1xx.o
                0x08004504                APBPrescTable
 .rodata.AHBPrescTable
                0x0800450c       0x10 build/debug/system_stm32f1xx.o
                0x0800450c                AHBPrescTable
 .rodata._svfprintf_r.str1.1
                0x0800451c       0x33 c:/Users/limak/AppData/Roaming/Code/User/globalStorage/bmd.stm32-for-vscode/@xpack-dev-tools/arm-none-eabi-gcc/14.2.1-1.1.1/.content/bin/../lib/gcc/arm-none-eabi/14.2.1/../../../../arm-none-eabi/lib/thumb/v7-m/nofp\libc_nano.a(libc_a-nano-svfprintf.o)
                                 0x11 (size before relaxing)
 .rodata._printf_i.str1.1
                0x0800454f       0x22 c:/Users/limak/AppData/Roaming/Code/User/globalStorage/bmd.stm32-for-vscode/@xpack-dev-tools/arm-none-eabi-gcc/14.2.1-1.1.1/.content/bin/../lib/gcc/arm-none-eabi/14.2.1/../../../../arm-none-eabi/lib/thumb/v7-m/nofp\libc_nano.a(libc_a-nano-vfprintf_i.o)
                0x08004574                        . = ALIGN (0x4)
 *fill*         0x0800454f        0x1 

.ARM.extab      0x08004550        0x0
                0x08004550                        . = ALIGN (0x4)
 *(.ARM.extab* .gnu.linkonce.armextab.*)
                0x08004550                        . = ALIGN (0x4)

.ARM            0x08004550        0x8
                0x08004550                        . = ALIGN (0x4)
                0x08004550                        __exidx_start = .
 *(.ARM.exidx*)
 .ARM.exidx     0x08004550        0x8 c:/Users/limak/AppData/Roaming/Code/User/globalStorage/bmd.stm32-for-vscode/@xpack-dev-tools/arm-none-eabi-gcc/14.2.1-1.1.1/.content/bin/../lib/gcc/arm-none-eabi/14.2.1/../../../../arm-none-eabi/lib/thumb/v7-m/nofp\libc_nano.a(libc_a-strlen.o)
                0x08004558                        __exidx_end = .
                0x08004558                        . = ALIGN (0x4)

.preinit_array  0x08004558        0x0
                0x08004558                        . = ALIGN (0x4)
                0x08004558                        PROVIDE (__preinit_array_start = .)
 *(.preinit_array*)
                0x08004558                        PROVIDE (__preinit_array_end = .)
                0x08004558                        . = ALIGN (0x4)

.init_array     0x08004558        0x4
                0x08004558                        . = ALIGN (0x4)
                0x08004558                        PROVIDE (__init_array_start = .)
 *(SORT_BY_NAME(.init_array.*))
 *(.init_array*)
 .init_array    0x08004558        0x4 c:/Users/limak/AppData/Roaming/Code/User/globalStorage/bmd.stm32-for-vscode/@xpack-dev-tools/arm-none-eabi-gcc/14.2.1-1.1.1/.content/bin/../lib/gcc/arm-none-eabi/14.2.1/thumb/v7-m/nofp/crtbegin.o
                0x0800455c                        PROVIDE (__init_array_end = .)
                0x0800455c                        . = ALIGN (0x4)

.fini_array     0x0800455c        0x4
                0x0800455c                        . = ALIGN (0x4)
                0x0800455c                        PROVIDE (__fini_array_start = .)
 *(SORT_BY_NAME(.fini_array.*))
 *(.fini_array*)
 .fini_array    0x0800455c        0x4 c:/Users/limak/AppData/Roaming/Code/User/globalStorage/bmd.stm32-for-vscode/@xpack-dev-tools/arm-none-eabi-gcc/14.2.1-1.1.1/.content/bin/../lib/gcc/arm-none-eabi/14.2.1/thumb/v7-m/nofp/crtbegin.o
                0x08004560                        PROVIDE (__fini_array_end = .)
                0x08004560                        . = ALIGN (0x4)
                0x08004560                        _sidata = LOADADDR (.data)

.rel.dyn        0x08004560        0x0
 .rel.iplt      0x08004560        0x0 c:/Users/limak/AppData/Roaming/Code/User/globalStorage/bmd.stm32-for-vscode/@xpack-dev-tools/arm-none-eabi-gcc/14.2.1-1.1.1/.content/bin/../lib/gcc/arm-none-eabi/14.2.1/thumb/v7-m/nofp/crtbegin.o

.data           0x20000000       0x5c load address 0x08004560
                0x20000000                        . = ALIGN (0x4)
                0x20000000                        _sdata = .
 *(.data)
 *(.data*)
 .data.uwTickFreq
                0x20000000        0x1 build/debug/stm32f1xx_hal.o
                0x20000000                uwTickFreq
 *fill*         0x20000001        0x3 
 .data.uwTickPrio
                0x20000004        0x4 build/debug/stm32f1xx_hal.o
                0x20000004                uwTickPrio
 .data.SystemCoreClock
                0x20000008        0x4 build/debug/system_stm32f1xx.o
                0x20000008                SystemCoreClock
 .data._impure_ptr
                0x2000000c        0x4 c:/Users/limak/AppData/Roaming/Code/User/globalStorage/bmd.stm32-for-vscode/@xpack-dev-tools/arm-none-eabi-gcc/14.2.1-1.1.1/.content/bin/../lib/gcc/arm-none-eabi/14.2.1/../../../../arm-none-eabi/lib/thumb/v7-m/nofp\libc_nano.a(libc_a-impure.o)
                0x2000000c                _impure_ptr
 .data._impure_data
                0x20000010       0x4c c:/Users/limak/AppData/Roaming/Code/User/globalStorage/bmd.stm32-for-vscode/@xpack-dev-tools/arm-none-eabi-gcc/14.2.1-1.1.1/.content/bin/../lib/gcc/arm-none-eabi/14.2.1/../../../../arm-none-eabi/lib/thumb/v7-m/nofp\libc_nano.a(libc_a-impure.o)
                0x20000010                _impure_data
 *(.RamFunc)
 *(.RamFunc*)
                0x2000005c                        . = ALIGN (0x4)
                0x2000005c                        _edata = .

.igot.plt       0x2000005c        0x0 load address 0x080045bc
 .igot.plt      0x2000005c        0x0 c:/Users/limak/AppData/Roaming/Code/User/globalStorage/bmd.stm32-for-vscode/@xpack-dev-tools/arm-none-eabi-gcc/14.2.1-1.1.1/.content/bin/../lib/gcc/arm-none-eabi/14.2.1/thumb/v7-m/nofp/crtbegin.o
                0x2000005c                        . = ALIGN (0x4)

.bss            0x2000005c      0x34c load address 0x080045bc
                0x2000005c                        _sbss = .
                0x2000005c                        __bss_start__ = _sbss
 *(.bss)
 *(.bss*)
 .bss.completed.1
                0x2000005c        0x1 c:/Users/limak/AppData/Roaming/Code/User/globalStorage/bmd.stm32-for-vscode/@xpack-dev-tools/arm-none-eabi-gcc/14.2.1-1.1.1/.content/bin/../lib/gcc/arm-none-eabi/14.2.1/thumb/v7-m/nofp/crtbegin.o
 *fill*         0x2000005d        0x3 
 .bss.object.0  0x20000060       0x18 c:/Users/limak/AppData/Roaming/Code/User/globalStorage/bmd.stm32-for-vscode/@xpack-dev-tools/arm-none-eabi-gcc/14.2.1-1.1.1/.content/bin/../lib/gcc/arm-none-eabi/14.2.1/thumb/v7-m/nofp/crtbegin.o
 .bss.huart2    0x20000078       0x48 build/debug/main.o
                0x20000078                huart2
 .bss.huart1    0x200000c0       0x48 build/debug/main.o
                0x200000c0                huart1
 .bss.hi2c1     0x20000108       0x54 build/debug/main.o
                0x20000108                hi2c1
 .bss.uwTick    0x2000015c        0x4 build/debug/stm32f1xx_hal.o
                0x2000015c                uwTick
 .bss.htim1     0x20000160       0x48 build/debug/stm32f1xx_hal_timebase_tim.o
                0x20000160                htim1
 .bss.__sbrk_heap_end
                0x200001a8        0x4 build/debug/sysmem.o
 .bss.uxSchedulerSuspended
                0x200001ac        0x4 build/debug/tasks.o
 .bss.xNextTaskUnblockTime
                0x200001b0        0x4 build/debug/tasks.o
 .bss.xNumOfOverflows
                0x200001b4        0x4 build/debug/tasks.o
 .bss.xYieldPending
                0x200001b8        0x4 build/debug/tasks.o
 .bss.xPendedTicks
                0x200001bc        0x4 build/debug/tasks.o
 .bss.uxTopReadyPriority
                0x200001c0        0x4 build/debug/tasks.o
 .bss.xTickCount
                0x200001c4        0x4 build/debug/tasks.o
 .bss.pxOverflowDelayedTaskList
                0x200001c8        0x4 build/debug/tasks.o
 .bss.pxDelayedTaskList
                0x200001cc        0x4 build/debug/tasks.o
 .bss.pxReadyTasksLists
                0x200001d0       0x8c build/debug/tasks.o
 .bss.pxCurrentTCB
                0x2000025c        0x4 build/debug/tasks.o
                0x2000025c                pxCurrentTCB
 .bss.__sf      0x20000260      0x138 c:/Users/limak/AppData/Roaming/Code/User/globalStorage/bmd.stm32-for-vscode/@xpack-dev-tools/arm-none-eabi-gcc/14.2.1-1.1.1/.content/bin/../lib/gcc/arm-none-eabi/14.2.1/../../../../arm-none-eabi/lib/thumb/v7-m/nofp\libc_nano.a(libc_a-findfp.o)
                0x20000260                __sf
 .bss.errno     0x20000398        0x4 c:/Users/limak/AppData/Roaming/Code/User/globalStorage/bmd.stm32-for-vscode/@xpack-dev-tools/arm-none-eabi-gcc/14.2.1-1.1.1/.content/bin/../lib/gcc/arm-none-eabi/14.2.1/../../../../arm-none-eabi/lib/thumb/v7-m/nofp\libc_nano.a(libc_a-reent.o)
                0x20000398                errno
 .bss.__lock___malloc_recursive_mutex
                0x2000039c        0x1 c:/Users/limak/AppData/Roaming/Code/User/globalStorage/bmd.stm32-for-vscode/@xpack-dev-tools/arm-none-eabi-gcc/14.2.1-1.1.1/.content/bin/../lib/gcc/arm-none-eabi/14.2.1/../../../../arm-none-eabi/lib/thumb/v7-m/nofp\libc_nano.a(libc_a-lock.o)
                0x2000039c                __lock___malloc_recursive_mutex
 *fill*         0x2000039d        0x3 
 .bss.__malloc_sbrk_start
                0x200003a0        0x4 c:/Users/limak/AppData/Roaming/Code/User/globalStorage/bmd.stm32-for-vscode/@xpack-dev-tools/arm-none-eabi-gcc/14.2.1-1.1.1/.content/bin/../lib/gcc/arm-none-eabi/14.2.1/../../../../arm-none-eabi/lib/thumb/v7-m/nofp\libc_nano.a(libc_a-mallocr.o)
                0x200003a0                __malloc_sbrk_start
 .bss.__malloc_free_list
                0x200003a4        0x4 c:/Users/limak/AppData/Roaming/Code/User/globalStorage/bmd.stm32-for-vscode/@xpack-dev-tools/arm-none-eabi-gcc/14.2.1-1.1.1/.content/bin/../lib/gcc/arm-none-eabi/14.2.1/../../../../arm-none-eabi/lib/thumb/v7-m/nofp\libc_nano.a(libc_a-mallocr.o)
                0x200003a4                __malloc_free_list
 *(COMMON)
                0x200003a8                        . = ALIGN (0x4)
                0x200003a8                        _ebss = .
                0x200003a8                        __bss_end__ = _ebss

._user_heap_stack
                0x200003a8      0x600 load address 0x080045bc
                0x200003a8                        . = ALIGN (0x8)
                [!provide]                        PROVIDE (end = .)
                0x200003a8                        PROVIDE (_end = .)
                0x200005a8                        . = (. + _Min_Heap_Size)
 *fill*         0x200003a8      0x200 
                0x200009a8                        . = (. + _Min_Stack_Size)
 *fill*         0x200005a8      0x400 
                0x200009a8                        . = ALIGN (0x8)

/DISCARD/
 libc.a(*)
 libm.a(*)
 libgcc.a(*)
OUTPUT(build/debug/stm32_mcp3421_ex.elf elf32-littlearm)
LOAD linker stubs
LOAD c:/Users/limak/AppData/Roaming/Code/User/globalStorage/bmd.stm32-for-vscode/@xpack-dev-tools/arm-none-eabi-gcc/14.2.1-1.1.1/.content/bin/../lib/gcc/arm-none-eabi/14.2.1/../../../../arm-none-eabi/lib/thumb/v7-m/nofp\libc.a
LOAD c:/Users/limak/AppData/Roaming/Code/User/globalStorage/bmd.stm32-for-vscode/@xpack-dev-tools/arm-none-eabi-gcc/14.2.1-1.1.1/.content/bin/../lib/gcc/arm-none-eabi/14.2.1/../../../../arm-none-eabi/lib/thumb/v7-m/nofp\libm.a
LOAD c:/Users/limak/AppData/Roaming/Code/User/globalStorage/bmd.stm32-for-vscode/@xpack-dev-tools/arm-none-eabi-gcc/14.2.1-1.1.1/.content/bin/../lib/gcc/arm-none-eabi/14.2.1/thumb/v7-m/nofp\libgcc.a

.ARM.attributes
                0x00000000       0x29
 .ARM.attributes
                0x00000000       0x1d c:/Users/limak/AppData/Roaming/Code/User/globalStorage/bmd.stm32-for-vscode/@xpack-dev-tools/arm-none-eabi-gcc/14.2.1-1.1.1/.content/bin/../lib/gcc/arm-none-eabi/14.2.1/thumb/v7-m/nofp/crti.o
 .ARM.attributes
                0x0000001d       0x2d c:/Users/limak/AppData/Roaming/Code/User/globalStorage/bmd.stm32-for-vscode/@xpack-dev-tools/arm-none-eabi-gcc/14.2.1-1.1.1/.content/bin/../lib/gcc/arm-none-eabi/14.2.1/thumb/v7-m/nofp/crtbegin.o
 .ARM.attributes
                0x0000004a       0x2d build/debug/dwt_stm32_delay.o
 .ARM.attributes
                0x00000077       0x2d build/debug/list.o
 .ARM.attributes
                0x000000a4       0x2d build/debug/main.o
 .ARM.attributes
                0x000000d1       0x2d build/debug/port.o
 .ARM.attributes
                0x000000fe       0x2d build/debug/stm32_sw_i2c.o
 .ARM.attributes
                0x0000012b       0x2d build/debug/stm32f1xx_hal.o
 .ARM.attributes
                0x00000158       0x2d build/debug/stm32f1xx_hal_cortex.o
 .ARM.attributes
                0x00000185       0x2d build/debug/stm32f1xx_hal_dma.o
 .ARM.attributes
                0x000001b2       0x2d build/debug/stm32f1xx_hal_gpio.o
 .ARM.attributes
                0x000001df       0x2d build/debug/stm32f1xx_hal_i2c.o
 .ARM.attributes
                0x0000020c       0x2d build/debug/stm32f1xx_hal_msp.o
 .ARM.attributes
                0x00000239       0x2d build/debug/stm32f1xx_hal_rcc.o
 .ARM.attributes
                0x00000266       0x2d build/debug/stm32f1xx_hal_tim.o
 .ARM.attributes
                0x00000293       0x2d build/debug/stm32f1xx_hal_tim_ex.o
 .ARM.attributes
                0x000002c0       0x2d build/debug/stm32f1xx_hal_timebase_tim.o
 .ARM.attributes
                0x000002ed       0x2d build/debug/stm32f1xx_hal_uart.o
 .ARM.attributes
                0x0000031a       0x2d build/debug/stm32f1xx_it.o
 .ARM.attributes
                0x00000347       0x2d build/debug/sysmem.o
 .ARM.attributes
                0x00000374       0x2d build/debug/system_stm32f1xx.o
 .ARM.attributes
                0x000003a1       0x2d build/debug/tasks.o
 .ARM.attributes
                0x000003ce       0x21 build/debug/startup_stm32f103xe.o
 .ARM.attributes
                0x000003ef       0x2d c:/Users/limak/AppData/Roaming/Code/User/globalStorage/bmd.stm32-for-vscode/@xpack-dev-tools/arm-none-eabi-gcc/14.2.1-1.1.1/.content/bin/../lib/gcc/arm-none-eabi/14.2.1/../../../../arm-none-eabi/lib/thumb/v7-m/nofp\libc_nano.a(libc_a-findfp.o)
 .ARM.attributes
                0x0000041c       0x2d c:/Users/limak/AppData/Roaming/Code/User/globalStorage/bmd.stm32-for-vscode/@xpack-dev-tools/arm-none-eabi-gcc/14.2.1-1.1.1/.content/bin/../lib/gcc/arm-none-eabi/14.2.1/../../../../arm-none-eabi/lib/thumb/v7-m/nofp\libc_nano.a(libc_a-snprintf.o)
 .ARM.attributes
                0x00000449       0x2d c:/Users/limak/AppData/Roaming/Code/User/globalStorage/bmd.stm32-for-vscode/@xpack-dev-tools/arm-none-eabi-gcc/14.2.1-1.1.1/.content/bin/../lib/gcc/arm-none-eabi/14.2.1/../../../../arm-none-eabi/lib/thumb/v7-m/nofp\libc_nano.a(libc_a-memset.o)
 .ARM.attributes
                0x00000476       0x2d c:/Users/limak/AppData/Roaming/Code/User/globalStorage/bmd.stm32-for-vscode/@xpack-dev-tools/arm-none-eabi-gcc/14.2.1-1.1.1/.content/bin/../lib/gcc/arm-none-eabi/14.2.1/../../../../arm-none-eabi/lib/thumb/v7-m/nofp\libc_nano.a(libc_a-reent.o)
 .ARM.attributes
                0x000004a3       0x2d c:/Users/limak/AppData/Roaming/Code/User/globalStorage/bmd.stm32-for-vscode/@xpack-dev-tools/arm-none-eabi-gcc/14.2.1-1.1.1/.content/bin/../lib/gcc/arm-none-eabi/14.2.1/../../../../arm-none-eabi/lib/thumb/v7-m/nofp\libc_nano.a(libc_a-impure.o)
 .ARM.attributes
                0x000004d0       0x2d c:/Users/limak/AppData/Roaming/Code/User/globalStorage/bmd.stm32-for-vscode/@xpack-dev-tools/arm-none-eabi-gcc/14.2.1-1.1.1/.content/bin/../lib/gcc/arm-none-eabi/14.2.1/../../../../arm-none-eabi/lib/thumb/v7-m/nofp\libc_nano.a(libc_a-errno.o)
 .ARM.attributes
                0x000004fd       0x2d c:/Users/limak/AppData/Roaming/Code/User/globalStorage/bmd.stm32-for-vscode/@xpack-dev-tools/arm-none-eabi-gcc/14.2.1-1.1.1/.content/bin/../lib/gcc/arm-none-eabi/14.2.1/../../../../arm-none-eabi/lib/thumb/v7-m/nofp\libc_nano.a(libc_a-init.o)
 .ARM.attributes
                0x0000052a       0x2d c:/Users/limak/AppData/Roaming/Code/User/globalStorage/bmd.stm32-for-vscode/@xpack-dev-tools/arm-none-eabi-gcc/14.2.1-1.1.1/.content/bin/../lib/gcc/arm-none-eabi/14.2.1/../../../../arm-none-eabi/lib/thumb/v7-m/nofp\libc_nano.a(libc_a-lock.o)
 .ARM.attributes
                0x00000557       0x2d c:/Users/limak/AppData/Roaming/Code/User/globalStorage/bmd.stm32-for-vscode/@xpack-dev-tools/arm-none-eabi-gcc/14.2.1-1.1.1/.content/bin/../lib/gcc/arm-none-eabi/14.2.1/../../../../arm-none-eabi/lib/thumb/v7-m/nofp\libc_nano.a(libc_a-memcpy-stub.o)
 .ARM.attributes
                0x00000584       0x17 c:/Users/limak/AppData/Roaming/Code/User/globalStorage/bmd.stm32-for-vscode/@xpack-dev-tools/arm-none-eabi-gcc/14.2.1-1.1.1/.content/bin/../lib/gcc/arm-none-eabi/14.2.1/../../../../arm-none-eabi/lib/thumb/v7-m/nofp\libc_nano.a(libc_a-strlen.o)
 .ARM.attributes
                0x0000059b       0x2d c:/Users/limak/AppData/Roaming/Code/User/globalStorage/bmd.stm32-for-vscode/@xpack-dev-tools/arm-none-eabi-gcc/14.2.1-1.1.1/.content/bin/../lib/gcc/arm-none-eabi/14.2.1/../../../../arm-none-eabi/lib/thumb/v7-m/nofp\libc_nano.a(libc_a-freer.o)
 .ARM.attributes
                0x000005c8       0x2d c:/Users/limak/AppData/Roaming/Code/User/globalStorage/bmd.stm32-for-vscode/@xpack-dev-tools/arm-none-eabi-gcc/14.2.1-1.1.1/.content/bin/../lib/gcc/arm-none-eabi/14.2.1/../../../../arm-none-eabi/lib/thumb/v7-m/nofp\libc_nano.a(libc_a-mallocr.o)
 .ARM.attributes
                0x000005f5       0x2d c:/Users/limak/AppData/Roaming/Code/User/globalStorage/bmd.stm32-for-vscode/@xpack-dev-tools/arm-none-eabi-gcc/14.2.1-1.1.1/.content/bin/../lib/gcc/arm-none-eabi/14.2.1/../../../../arm-none-eabi/lib/thumb/v7-m/nofp\libc_nano.a(libc_a-mlock.o)
 .ARM.attributes
                0x00000622       0x2d c:/Users/limak/AppData/Roaming/Code/User/globalStorage/bmd.stm32-for-vscode/@xpack-dev-tools/arm-none-eabi-gcc/14.2.1-1.1.1/.content/bin/../lib/gcc/arm-none-eabi/14.2.1/../../../../arm-none-eabi/lib/thumb/v7-m/nofp\libc_nano.a(libc_a-nano-svfprintf.o)
 .ARM.attributes
                0x0000064f       0x2d c:/Users/limak/AppData/Roaming/Code/User/globalStorage/bmd.stm32-for-vscode/@xpack-dev-tools/arm-none-eabi-gcc/14.2.1-1.1.1/.content/bin/../lib/gcc/arm-none-eabi/14.2.1/../../../../arm-none-eabi/lib/thumb/v7-m/nofp\libc_nano.a(libc_a-nano-vfprintf_i.o)
 .ARM.attributes
                0x0000067c       0x2d c:/Users/limak/AppData/Roaming/Code/User/globalStorage/bmd.stm32-for-vscode/@xpack-dev-tools/arm-none-eabi-gcc/14.2.1-1.1.1/.content/bin/../lib/gcc/arm-none-eabi/14.2.1/../../../../arm-none-eabi/lib/thumb/v7-m/nofp\libc_nano.a(libc_a-memmove.o)
 .ARM.attributes
                0x000006a9       0x2d c:/Users/limak/AppData/Roaming/Code/User/globalStorage/bmd.stm32-for-vscode/@xpack-dev-tools/arm-none-eabi-gcc/14.2.1-1.1.1/.content/bin/../lib/gcc/arm-none-eabi/14.2.1/../../../../arm-none-eabi/lib/thumb/v7-m/nofp\libc_nano.a(libc_a-sbrkr.o)
 .ARM.attributes
                0x000006d6       0x2d c:/Users/limak/AppData/Roaming/Code/User/globalStorage/bmd.stm32-for-vscode/@xpack-dev-tools/arm-none-eabi-gcc/14.2.1-1.1.1/.content/bin/../lib/gcc/arm-none-eabi/14.2.1/../../../../arm-none-eabi/lib/thumb/v7-m/nofp\libc_nano.a(libc_a-memchr-stub.o)
 .ARM.attributes
                0x00000703       0x2d c:/Users/limak/AppData/Roaming/Code/User/globalStorage/bmd.stm32-for-vscode/@xpack-dev-tools/arm-none-eabi-gcc/14.2.1-1.1.1/.content/bin/../lib/gcc/arm-none-eabi/14.2.1/../../../../arm-none-eabi/lib/thumb/v7-m/nofp\libc_nano.a(libc_a-reallocr.o)
 .ARM.attributes
                0x00000730       0x2d c:/Users/limak/AppData/Roaming/Code/User/globalStorage/bmd.stm32-for-vscode/@xpack-dev-tools/arm-none-eabi-gcc/14.2.1-1.1.1/.content/bin/../lib/gcc/arm-none-eabi/14.2.1/../../../../arm-none-eabi/lib/thumb/v7-m/nofp\libc_nano.a(libc_a-msizer.o)
 .ARM.attributes
                0x0000075d       0x1d c:/Users/limak/AppData/Roaming/Code/User/globalStorage/bmd.stm32-for-vscode/@xpack-dev-tools/arm-none-eabi-gcc/14.2.1-1.1.1/.content/bin/../lib/gcc/arm-none-eabi/14.2.1/thumb/v7-m/nofp\libgcc.a(_arm_mulsf3.o)
 .ARM.attributes
                0x0000077a       0x1d c:/Users/limak/AppData/Roaming/Code/User/globalStorage/bmd.stm32-for-vscode/@xpack-dev-tools/arm-none-eabi-gcc/14.2.1-1.1.1/.content/bin/../lib/gcc/arm-none-eabi/14.2.1/thumb/v7-m/nofp\libgcc.a(_arm_addsubdf3.o)
 .ARM.attributes
                0x00000797       0x1d c:/Users/limak/AppData/Roaming/Code/User/globalStorage/bmd.stm32-for-vscode/@xpack-dev-tools/arm-none-eabi-gcc/14.2.1-1.1.1/.content/bin/../lib/gcc/arm-none-eabi/14.2.1/thumb/v7-m/nofp\libgcc.a(_arm_muldivdf3.o)
 .ARM.attributes
                0x000007b4       0x1d c:/Users/limak/AppData/Roaming/Code/User/globalStorage/bmd.stm32-for-vscode/@xpack-dev-tools/arm-none-eabi-gcc/14.2.1-1.1.1/.content/bin/../lib/gcc/arm-none-eabi/14.2.1/thumb/v7-m/nofp\libgcc.a(_arm_truncdfsf2.o)
 .ARM.attributes
                0x000007d1       0x1d c:/Users/limak/AppData/Roaming/Code/User/globalStorage/bmd.stm32-for-vscode/@xpack-dev-tools/arm-none-eabi-gcc/14.2.1-1.1.1/.content/bin/../lib/gcc/arm-none-eabi/14.2.1/thumb/v7-m/nofp\libgcc.a(_arm_addsubsf3.o)
 .ARM.attributes
                0x000007ee       0x1d c:/Users/limak/AppData/Roaming/Code/User/globalStorage/bmd.stm32-for-vscode/@xpack-dev-tools/arm-none-eabi-gcc/14.2.1-1.1.1/.content/bin/../lib/gcc/arm-none-eabi/14.2.1/thumb/v7-m/nofp\libgcc.a(_arm_fixsfsi.o)
 .ARM.attributes
                0x0000080b       0x1d c:/Users/limak/AppData/Roaming/Code/User/globalStorage/bmd.stm32-for-vscode/@xpack-dev-tools/arm-none-eabi-gcc/14.2.1-1.1.1/.content/bin/../lib/gcc/arm-none-eabi/14.2.1/thumb/v7-m/nofp/crtn.o

.comment        0x00000000       0x39
 .comment       0x00000000       0x39 c:/Users/limak/AppData/Roaming/Code/User/globalStorage/bmd.stm32-for-vscode/@xpack-dev-tools/arm-none-eabi-gcc/14.2.1-1.1.1/.content/bin/../lib/gcc/arm-none-eabi/14.2.1/thumb/v7-m/nofp/crtbegin.o
                                 0x3a (size before relaxing)
 .comment       0x00000039       0x3a build/debug/dwt_stm32_delay.o
 .comment       0x00000039       0x3a build/debug/list.o
 .comment       0x00000039       0x3a build/debug/main.o
 .comment       0x00000039       0x3a build/debug/port.o
 .comment       0x00000039       0x3a build/debug/stm32_sw_i2c.o
 .comment       0x00000039       0x3a build/debug/stm32f1xx_hal.o
 .comment       0x00000039       0x3a build/debug/stm32f1xx_hal_cortex.o
 .comment       0x00000039       0x3a build/debug/stm32f1xx_hal_dma.o
 .comment       0x00000039       0x3a build/debug/stm32f1xx_hal_gpio.o
 .comment       0x00000039       0x3a build/debug/stm32f1xx_hal_i2c.o
 .comment       0x00000039       0x3a build/debug/stm32f1xx_hal_msp.o
 .comment       0x00000039       0x3a build/debug/stm32f1xx_hal_rcc.o
 .comment       0x00000039       0x3a build/debug/stm32f1xx_hal_tim.o
 .comment       0x00000039       0x3a build/debug/stm32f1xx_hal_tim_ex.o
 .comment       0x00000039       0x3a build/debug/stm32f1xx_hal_timebase_tim.o
 .comment       0x00000039       0x3a build/debug/stm32f1xx_hal_uart.o
 .comment       0x00000039       0x3a build/debug/stm32f1xx_it.o
 .comment       0x00000039       0x3a build/debug/sysmem.o
 .comment       0x00000039       0x3a build/debug/system_stm32f1xx.o
 .comment       0x00000039       0x3a build/debug/tasks.o
 .comment       0x00000039       0x3a c:/Users/limak/AppData/Roaming/Code/User/globalStorage/bmd.stm32-for-vscode/@xpack-dev-tools/arm-none-eabi-gcc/14.2.1-1.1.1/.content/bin/../lib/gcc/arm-none-eabi/14.2.1/../../../../arm-none-eabi/lib/thumb/v7-m/nofp\libc_nano.a(libc_a-findfp.o)
 .comment       0x00000039       0x3a c:/Users/limak/AppData/Roaming/Code/User/globalStorage/bmd.stm32-for-vscode/@xpack-dev-tools/arm-none-eabi-gcc/14.2.1-1.1.1/.content/bin/../lib/gcc/arm-none-eabi/14.2.1/../../../../arm-none-eabi/lib/thumb/v7-m/nofp\libc_nano.a(libc_a-snprintf.o)
 .comment       0x00000039       0x3a c:/Users/limak/AppData/Roaming/Code/User/globalStorage/bmd.stm32-for-vscode/@xpack-dev-tools/arm-none-eabi-gcc/14.2.1-1.1.1/.content/bin/../lib/gcc/arm-none-eabi/14.2.1/../../../../arm-none-eabi/lib/thumb/v7-m/nofp\libc_nano.a(libc_a-memset.o)
 .comment       0x00000039       0x3a c:/Users/limak/AppData/Roaming/Code/User/globalStorage/bmd.stm32-for-vscode/@xpack-dev-tools/arm-none-eabi-gcc/14.2.1-1.1.1/.content/bin/../lib/gcc/arm-none-eabi/14.2.1/../../../../arm-none-eabi/lib/thumb/v7-m/nofp\libc_nano.a(libc_a-reent.o)
 .comment       0x00000039       0x3a c:/Users/limak/AppData/Roaming/Code/User/globalStorage/bmd.stm32-for-vscode/@xpack-dev-tools/arm-none-eabi-gcc/14.2.1-1.1.1/.content/bin/../lib/gcc/arm-none-eabi/14.2.1/../../../../arm-none-eabi/lib/thumb/v7-m/nofp\libc_nano.a(libc_a-impure.o)
 .comment       0x00000039       0x3a c:/Users/limak/AppData/Roaming/Code/User/globalStorage/bmd.stm32-for-vscode/@xpack-dev-tools/arm-none-eabi-gcc/14.2.1-1.1.1/.content/bin/../lib/gcc/arm-none-eabi/14.2.1/../../../../arm-none-eabi/lib/thumb/v7-m/nofp\libc_nano.a(libc_a-errno.o)
 .comment       0x00000039       0x3a c:/Users/limak/AppData/Roaming/Code/User/globalStorage/bmd.stm32-for-vscode/@xpack-dev-tools/arm-none-eabi-gcc/14.2.1-1.1.1/.content/bin/../lib/gcc/arm-none-eabi/14.2.1/../../../../arm-none-eabi/lib/thumb/v7-m/nofp\libc_nano.a(libc_a-init.o)
 .comment       0x00000039       0x3a c:/Users/limak/AppData/Roaming/Code/User/globalStorage/bmd.stm32-for-vscode/@xpack-dev-tools/arm-none-eabi-gcc/14.2.1-1.1.1/.content/bin/../lib/gcc/arm-none-eabi/14.2.1/../../../../arm-none-eabi/lib/thumb/v7-m/nofp\libc_nano.a(libc_a-lock.o)
 .comment       0x00000039       0x3a c:/Users/limak/AppData/Roaming/Code/User/globalStorage/bmd.stm32-for-vscode/@xpack-dev-tools/arm-none-eabi-gcc/14.2.1-1.1.1/.content/bin/../lib/gcc/arm-none-eabi/14.2.1/../../../../arm-none-eabi/lib/thumb/v7-m/nofp\libc_nano.a(libc_a-memcpy-stub.o)
 .comment       0x00000039       0x3a c:/Users/limak/AppData/Roaming/Code/User/globalStorage/bmd.stm32-for-vscode/@xpack-dev-tools/arm-none-eabi-gcc/14.2.1-1.1.1/.content/bin/../lib/gcc/arm-none-eabi/14.2.1/../../../../arm-none-eabi/lib/thumb/v7-m/nofp\libc_nano.a(libc_a-freer.o)
 .comment       0x00000039       0x3a c:/Users/limak/AppData/Roaming/Code/User/globalStorage/bmd.stm32-for-vscode/@xpack-dev-tools/arm-none-eabi-gcc/14.2.1-1.1.1/.content/bin/../lib/gcc/arm-none-eabi/14.2.1/../../../../arm-none-eabi/lib/thumb/v7-m/nofp\libc_nano.a(libc_a-mallocr.o)
 .comment       0x00000039       0x3a c:/Users/limak/AppData/Roaming/Code/User/globalStorage/bmd.stm32-for-vscode/@xpack-dev-tools/arm-none-eabi-gcc/14.2.1-1.1.1/.content/bin/../lib/gcc/arm-none-eabi/14.2.1/../../../../arm-none-eabi/lib/thumb/v7-m/nofp\libc_nano.a(libc_a-mlock.o)
 .comment       0x00000039       0x3a c:/Users/limak/AppData/Roaming/Code/User/globalStorage/bmd.stm32-for-vscode/@xpack-dev-tools/arm-none-eabi-gcc/14.2.1-1.1.1/.content/bin/../lib/gcc/arm-none-eabi/14.2.1/../../../../arm-none-eabi/lib/thumb/v7-m/nofp\libc_nano.a(libc_a-nano-svfprintf.o)
 .comment       0x00000039       0x3a c:/Users/limak/AppData/Roaming/Code/User/globalStorage/bmd.stm32-for-vscode/@xpack-dev-tools/arm-none-eabi-gcc/14.2.1-1.1.1/.content/bin/../lib/gcc/arm-none-eabi/14.2.1/../../../../arm-none-eabi/lib/thumb/v7-m/nofp\libc_nano.a(libc_a-nano-vfprintf_i.o)
 .comment       0x00000039       0x3a c:/Users/limak/AppData/Roaming/Code/User/globalStorage/bmd.stm32-for-vscode/@xpack-dev-tools/arm-none-eabi-gcc/14.2.1-1.1.1/.content/bin/../lib/gcc/arm-none-eabi/14.2.1/../../../../arm-none-eabi/lib/thumb/v7-m/nofp\libc_nano.a(libc_a-memmove.o)
 .comment       0x00000039       0x3a c:/Users/limak/AppData/Roaming/Code/User/globalStorage/bmd.stm32-for-vscode/@xpack-dev-tools/arm-none-eabi-gcc/14.2.1-1.1.1/.content/bin/../lib/gcc/arm-none-eabi/14.2.1/../../../../arm-none-eabi/lib/thumb/v7-m/nofp\libc_nano.a(libc_a-sbrkr.o)
 .comment       0x00000039       0x3a c:/Users/limak/AppData/Roaming/Code/User/globalStorage/bmd.stm32-for-vscode/@xpack-dev-tools/arm-none-eabi-gcc/14.2.1-1.1.1/.content/bin/../lib/gcc/arm-none-eabi/14.2.1/../../../../arm-none-eabi/lib/thumb/v7-m/nofp\libc_nano.a(libc_a-memchr-stub.o)
 .comment       0x00000039       0x3a c:/Users/limak/AppData/Roaming/Code/User/globalStorage/bmd.stm32-for-vscode/@xpack-dev-tools/arm-none-eabi-gcc/14.2.1-1.1.1/.content/bin/../lib/gcc/arm-none-eabi/14.2.1/../../../../arm-none-eabi/lib/thumb/v7-m/nofp\libc_nano.a(libc_a-reallocr.o)
 .comment       0x00000039       0x3a c:/Users/limak/AppData/Roaming/Code/User/globalStorage/bmd.stm32-for-vscode/@xpack-dev-tools/arm-none-eabi-gcc/14.2.1-1.1.1/.content/bin/../lib/gcc/arm-none-eabi/14.2.1/../../../../arm-none-eabi/lib/thumb/v7-m/nofp\libc_nano.a(libc_a-msizer.o)

.debug_info     0x00000000    0x17dcb
 .debug_info    0x00000000      0x228 build/debug/dwt_stm32_delay.o
 .debug_info    0x00000228      0x2bf build/debug/list.o
 .debug_info    0x000004e7     0x1943 build/debug/main.o
 .debug_info    0x00001e2a      0x505 build/debug/port.o
 .debug_info    0x0000232f      0xc71 build/debug/stm32_sw_i2c.o
 .debug_info    0x00002fa0      0x808 build/debug/stm32f1xx_hal.o
 .debug_info    0x000037a8      0xd3f build/debug/stm32f1xx_hal_cortex.o
 .debug_info    0x000044e7      0x7f2 build/debug/stm32f1xx_hal_dma.o
 .debug_info    0x00004cd9      0x604 build/debug/stm32f1xx_hal_gpio.o
 .debug_info    0x000052dd     0x390b build/debug/stm32f1xx_hal_i2c.o
 .debug_info    0x00008be8      0xf0f build/debug/stm32f1xx_hal_msp.o
 .debug_info    0x00009af7      0x9c7 build/debug/stm32f1xx_hal_rcc.o
 .debug_info    0x0000a4be     0x3c0f build/debug/stm32f1xx_hal_tim.o
 .debug_info    0x0000e0cd     0x1a9e build/debug/stm32f1xx_hal_tim_ex.o
 .debug_info    0x0000fb6b      0xa8f build/debug/stm32f1xx_hal_timebase_tim.o
 .debug_info    0x000105fa     0x3f85 build/debug/stm32f1xx_hal_uart.o
 .debug_info    0x0001457f      0x954 build/debug/stm32f1xx_it.o
 .debug_info    0x00014ed3      0x171 build/debug/sysmem.o
 .debug_info    0x00015044      0x22d build/debug/system_stm32f1xx.o
 .debug_info    0x00015271     0x287c build/debug/tasks.o
 .debug_info    0x00017aed       0x30 build/debug/startup_stm32f103xe.o
 .debug_info    0x00017b1d       0x3f c:/Users/limak/AppData/Roaming/Code/User/globalStorage/bmd.stm32-for-vscode/@xpack-dev-tools/arm-none-eabi-gcc/14.2.1-1.1.1/.content/bin/../lib/gcc/arm-none-eabi/14.2.1/thumb/v7-m/nofp\libgcc.a(_arm_mulsf3.o)
 .debug_info    0x00017b5c       0xd3 c:/Users/limak/AppData/Roaming/Code/User/globalStorage/bmd.stm32-for-vscode/@xpack-dev-tools/arm-none-eabi-gcc/14.2.1-1.1.1/.content/bin/../lib/gcc/arm-none-eabi/14.2.1/thumb/v7-m/nofp\libgcc.a(_arm_addsubdf3.o)
 .debug_info    0x00017c2f       0x57 c:/Users/limak/AppData/Roaming/Code/User/globalStorage/bmd.stm32-for-vscode/@xpack-dev-tools/arm-none-eabi-gcc/14.2.1-1.1.1/.content/bin/../lib/gcc/arm-none-eabi/14.2.1/thumb/v7-m/nofp\libgcc.a(_arm_muldivdf3.o)
 .debug_info    0x00017c86       0x3f c:/Users/limak/AppData/Roaming/Code/User/globalStorage/bmd.stm32-for-vscode/@xpack-dev-tools/arm-none-eabi-gcc/14.2.1-1.1.1/.content/bin/../lib/gcc/arm-none-eabi/14.2.1/thumb/v7-m/nofp\libgcc.a(_arm_truncdfsf2.o)
 .debug_info    0x00017cc5       0xca c:/Users/limak/AppData/Roaming/Code/User/globalStorage/bmd.stm32-for-vscode/@xpack-dev-tools/arm-none-eabi-gcc/14.2.1-1.1.1/.content/bin/../lib/gcc/arm-none-eabi/14.2.1/thumb/v7-m/nofp\libgcc.a(_arm_addsubsf3.o)
 .debug_info    0x00017d8f       0x3c c:/Users/limak/AppData/Roaming/Code/User/globalStorage/bmd.stm32-for-vscode/@xpack-dev-tools/arm-none-eabi-gcc/14.2.1-1.1.1/.content/bin/../lib/gcc/arm-none-eabi/14.2.1/thumb/v7-m/nofp\libgcc.a(_arm_fixsfsi.o)

.debug_abbrev   0x00000000     0x2db5
 .debug_abbrev  0x00000000       0xa9 build/debug/dwt_stm32_delay.o
 .debug_abbrev  0x000000a9      0x10a build/debug/list.o
 .debug_abbrev  0x000001b3      0x3c5 build/debug/main.o
 .debug_abbrev  0x00000578      0x2a4 build/debug/port.o
 .debug_abbrev  0x0000081c      0x1e9 build/debug/stm32_sw_i2c.o
 .debug_abbrev  0x00000a05      0x22d build/debug/stm32f1xx_hal.o
 .debug_abbrev  0x00000c32      0x36d build/debug/stm32f1xx_hal_cortex.o
 .debug_abbrev  0x00000f9f      0x244 build/debug/stm32f1xx_hal_dma.o
 .debug_abbrev  0x000011e3      0x1f7 build/debug/stm32f1xx_hal_gpio.o
 .debug_abbrev  0x000013da      0x2be build/debug/stm32f1xx_hal_i2c.o
 .debug_abbrev  0x00001698      0x1f4 build/debug/stm32f1xx_hal_msp.o
 .debug_abbrev  0x0000188c      0x2a0 build/debug/stm32f1xx_hal_rcc.o
 .debug_abbrev  0x00001b2c      0x270 build/debug/stm32f1xx_hal_tim.o
 .debug_abbrev  0x00001d9c      0x26e build/debug/stm32f1xx_hal_tim_ex.o
 .debug_abbrev  0x0000200a      0x232 build/debug/stm32f1xx_hal_timebase_tim.o
 .debug_abbrev  0x0000223c      0x31c build/debug/stm32f1xx_hal_uart.o
 .debug_abbrev  0x00002558      0x191 build/debug/stm32f1xx_it.o
 .debug_abbrev  0x000026e9       0xea build/debug/sysmem.o
 .debug_abbrev  0x000027d3      0x143 build/debug/system_stm32f1xx.o
 .debug_abbrev  0x00002916      0x38d build/debug/tasks.o
 .debug_abbrev  0x00002ca3       0x24 build/debug/startup_stm32f103xe.o
 .debug_abbrev  0x00002cc7       0x26 c:/Users/limak/AppData/Roaming/Code/User/globalStorage/bmd.stm32-for-vscode/@xpack-dev-tools/arm-none-eabi-gcc/14.2.1-1.1.1/.content/bin/../lib/gcc/arm-none-eabi/14.2.1/thumb/v7-m/nofp\libgcc.a(_arm_mulsf3.o)
 .debug_abbrev  0x00002ced       0x28 c:/Users/limak/AppData/Roaming/Code/User/globalStorage/bmd.stm32-for-vscode/@xpack-dev-tools/arm-none-eabi-gcc/14.2.1-1.1.1/.content/bin/../lib/gcc/arm-none-eabi/14.2.1/thumb/v7-m/nofp\libgcc.a(_arm_addsubdf3.o)
 .debug_abbrev  0x00002d15       0x28 c:/Users/limak/AppData/Roaming/Code/User/globalStorage/bmd.stm32-for-vscode/@xpack-dev-tools/arm-none-eabi-gcc/14.2.1-1.1.1/.content/bin/../lib/gcc/arm-none-eabi/14.2.1/thumb/v7-m/nofp\libgcc.a(_arm_muldivdf3.o)
 .debug_abbrev  0x00002d3d       0x28 c:/Users/limak/AppData/Roaming/Code/User/globalStorage/bmd.stm32-for-vscode/@xpack-dev-tools/arm-none-eabi-gcc/14.2.1-1.1.1/.content/bin/../lib/gcc/arm-none-eabi/14.2.1/thumb/v7-m/nofp\libgcc.a(_arm_truncdfsf2.o)
 .debug_abbrev  0x00002d65       0x28 c:/Users/limak/AppData/Roaming/Code/User/globalStorage/bmd.stm32-for-vscode/@xpack-dev-tools/arm-none-eabi-gcc/14.2.1-1.1.1/.content/bin/../lib/gcc/arm-none-eabi/14.2.1/thumb/v7-m/nofp\libgcc.a(_arm_addsubsf3.o)
 .debug_abbrev  0x00002d8d       0x28 c:/Users/limak/AppData/Roaming/Code/User/globalStorage/bmd.stm32-for-vscode/@xpack-dev-tools/arm-none-eabi-gcc/14.2.1-1.1.1/.content/bin/../lib/gcc/arm-none-eabi/14.2.1/thumb/v7-m/nofp\libgcc.a(_arm_fixsfsi.o)

.debug_aranges  0x00000000     0x1288
 .debug_aranges
                0x00000000       0x20 build/debug/dwt_stm32_delay.o
 .debug_aranges
                0x00000020       0x40 build/debug/list.o
 .debug_aranges
                0x00000060       0x78 build/debug/main.o
 .debug_aranges
                0x000000d8       0x78 build/debug/port.o
 .debug_aranges
                0x00000150       0x90 build/debug/stm32_sw_i2c.o
 .debug_aranges
                0x000001e0       0xe0 build/debug/stm32f1xx_hal.o
 .debug_aranges
                0x000002c0       0xc0 build/debug/stm32f1xx_hal_cortex.o
 .debug_aranges
                0x00000380       0x80 build/debug/stm32f1xx_hal_dma.o
 .debug_aranges
                0x00000400       0x58 build/debug/stm32f1xx_hal_gpio.o
 .debug_aranges
                0x00000458      0x2a8 build/debug/stm32f1xx_hal_i2c.o
 .debug_aranges
                0x00000700       0x40 build/debug/stm32f1xx_hal_msp.o
 .debug_aranges
                0x00000740       0x90 build/debug/stm32f1xx_hal_rcc.o
 .debug_aranges
                0x000007d0      0x3d0 build/debug/stm32f1xx_hal_tim.o
 .debug_aranges
                0x00000ba0      0x168 build/debug/stm32f1xx_hal_tim_ex.o
 .debug_aranges
                0x00000d08       0x30 build/debug/stm32f1xx_hal_timebase_tim.o
 .debug_aranges
                0x00000d38      0x208 build/debug/stm32f1xx_hal_uart.o
 .debug_aranges
                0x00000f40       0x60 build/debug/stm32f1xx_it.o
 .debug_aranges
                0x00000fa0       0x20 build/debug/sysmem.o
 .debug_aranges
                0x00000fc0       0x28 build/debug/system_stm32f1xx.o
 .debug_aranges
                0x00000fe8      0x1b8 build/debug/tasks.o
 .debug_aranges
                0x000011a0       0x28 build/debug/startup_stm32f103xe.o
 .debug_aranges
                0x000011c8       0x20 c:/Users/limak/AppData/Roaming/Code/User/globalStorage/bmd.stm32-for-vscode/@xpack-dev-tools/arm-none-eabi-gcc/14.2.1-1.1.1/.content/bin/../lib/gcc/arm-none-eabi/14.2.1/thumb/v7-m/nofp\libgcc.a(_arm_mulsf3.o)
 .debug_aranges
                0x000011e8       0x20 c:/Users/limak/AppData/Roaming/Code/User/globalStorage/bmd.stm32-for-vscode/@xpack-dev-tools/arm-none-eabi-gcc/14.2.1-1.1.1/.content/bin/../lib/gcc/arm-none-eabi/14.2.1/thumb/v7-m/nofp\libgcc.a(_arm_addsubdf3.o)
 .debug_aranges
                0x00001208       0x20 c:/Users/limak/AppData/Roaming/Code/User/globalStorage/bmd.stm32-for-vscode/@xpack-dev-tools/arm-none-eabi-gcc/14.2.1-1.1.1/.content/bin/../lib/gcc/arm-none-eabi/14.2.1/thumb/v7-m/nofp\libgcc.a(_arm_muldivdf3.o)
 .debug_aranges
                0x00001228       0x20 c:/Users/limak/AppData/Roaming/Code/User/globalStorage/bmd.stm32-for-vscode/@xpack-dev-tools/arm-none-eabi-gcc/14.2.1-1.1.1/.content/bin/../lib/gcc/arm-none-eabi/14.2.1/thumb/v7-m/nofp\libgcc.a(_arm_truncdfsf2.o)
 .debug_aranges
                0x00001248       0x20 c:/Users/limak/AppData/Roaming/Code/User/globalStorage/bmd.stm32-for-vscode/@xpack-dev-tools/arm-none-eabi-gcc/14.2.1-1.1.1/.content/bin/../lib/gcc/arm-none-eabi/14.2.1/thumb/v7-m/nofp\libgcc.a(_arm_addsubsf3.o)
 .debug_aranges
                0x00001268       0x20 c:/Users/limak/AppData/Roaming/Code/User/globalStorage/bmd.stm32-for-vscode/@xpack-dev-tools/arm-none-eabi-gcc/14.2.1-1.1.1/.content/bin/../lib/gcc/arm-none-eabi/14.2.1/thumb/v7-m/nofp\libgcc.a(_arm_fixsfsi.o)

.debug_rnglists
                0x00000000      0xe43
 .debug_rnglists
                0x00000000       0x13 build/debug/dwt_stm32_delay.o
 .debug_rnglists
                0x00000013       0x2b build/debug/list.o
 .debug_rnglists
                0x0000003e       0x64 build/debug/main.o
 .debug_rnglists
                0x000000a2       0x56 build/debug/port.o
 .debug_rnglists
                0x000000f8       0x73 build/debug/stm32_sw_i2c.o
 .debug_rnglists
                0x0000016b       0xa3 build/debug/stm32f1xx_hal.o
 .debug_rnglists
                0x0000020e       0x8b build/debug/stm32f1xx_hal_cortex.o
 .debug_rnglists
                0x00000299       0x60 build/debug/stm32f1xx_hal_dma.o
 .debug_rnglists
                0x000002f9       0x3f build/debug/stm32f1xx_hal_gpio.o
 .debug_rnglists
                0x00000338      0x236 build/debug/stm32f1xx_hal_i2c.o
 .debug_rnglists
                0x0000056e       0x2c build/debug/stm32f1xx_hal_msp.o
 .debug_rnglists
                0x0000059a       0x7d build/debug/stm32f1xx_hal_rcc.o
 .debug_rnglists
                0x00000617      0x301 build/debug/stm32f1xx_hal_tim.o
 .debug_rnglists
                0x00000918      0x11a build/debug/stm32f1xx_hal_tim_ex.o
 .debug_rnglists
                0x00000a32       0x20 build/debug/stm32f1xx_hal_timebase_tim.o
 .debug_rnglists
                0x00000a52      0x1a1 build/debug/stm32f1xx_hal_uart.o
 .debug_rnglists
                0x00000bf3       0x43 build/debug/stm32f1xx_it.o
 .debug_rnglists
                0x00000c36       0x13 build/debug/sysmem.o
 .debug_rnglists
                0x00000c49       0x1a build/debug/system_stm32f1xx.o
 .debug_rnglists
                0x00000c63      0x1c7 build/debug/tasks.o
 .debug_rnglists
                0x00000e2a       0x19 build/debug/startup_stm32f103xe.o

.debug_line     0x00000000    0x1732d
 .debug_line    0x00000000      0x21f build/debug/dwt_stm32_delay.o
 .debug_line    0x0000021f      0x3fc build/debug/list.o
 .debug_line    0x0000061b      0x9fc build/debug/main.o
 .debug_line    0x00001017      0x62f build/debug/port.o
 .debug_line    0x00001646      0x6b1 build/debug/stm32_sw_i2c.o
 .debug_line    0x00001cf7      0x5b6 build/debug/stm32f1xx_hal.o
 .debug_line    0x000022ad      0x72f build/debug/stm32f1xx_hal_cortex.o
 .debug_line    0x000029dc     0x106b build/debug/stm32f1xx_hal_dma.o
 .debug_line    0x00003a47      0x679 build/debug/stm32f1xx_hal_gpio.o
 .debug_line    0x000040c0     0x563e build/debug/stm32f1xx_hal_i2c.o
 .debug_line    0x000096fe      0x45a build/debug/stm32f1xx_hal_msp.o
 .debug_line    0x00009b58      0xd45 build/debug/stm32f1xx_hal_rcc.o
 .debug_line    0x0000a89d     0x472d build/debug/stm32f1xx_hal_tim.o
 .debug_line    0x0000efca     0x1a70 build/debug/stm32f1xx_hal_tim_ex.o
 .debug_line    0x00010a3a      0x371 build/debug/stm32f1xx_hal_timebase_tim.o
 .debug_line    0x00010dab     0x3512 build/debug/stm32f1xx_hal_uart.o
 .debug_line    0x000142bd      0x331 build/debug/stm32f1xx_it.o
 .debug_line    0x000145ee      0x2bc build/debug/sysmem.o
 .debug_line    0x000148aa      0x2cd build/debug/system_stm32f1xx.o
 .debug_line    0x00014b77     0x21b6 build/debug/tasks.o
 .debug_line    0x00016d2d       0x75 build/debug/startup_stm32f103xe.o
 .debug_line    0x00016da2       0xbd c:/Users/limak/AppData/Roaming/Code/User/globalStorage/bmd.stm32-for-vscode/@xpack-dev-tools/arm-none-eabi-gcc/14.2.1-1.1.1/.content/bin/../lib/gcc/arm-none-eabi/14.2.1/thumb/v7-m/nofp\libgcc.a(_arm_mulsf3.o)
 .debug_line    0x00016e5f      0x16f c:/Users/limak/AppData/Roaming/Code/User/globalStorage/bmd.stm32-for-vscode/@xpack-dev-tools/arm-none-eabi-gcc/14.2.1-1.1.1/.content/bin/../lib/gcc/arm-none-eabi/14.2.1/thumb/v7-m/nofp\libgcc.a(_arm_addsubdf3.o)
 .debug_line    0x00016fce      0x184 c:/Users/limak/AppData/Roaming/Code/User/globalStorage/bmd.stm32-for-vscode/@xpack-dev-tools/arm-none-eabi-gcc/14.2.1-1.1.1/.content/bin/../lib/gcc/arm-none-eabi/14.2.1/thumb/v7-m/nofp\libgcc.a(_arm_muldivdf3.o)
 .debug_line    0x00017152       0x76 c:/Users/limak/AppData/Roaming/Code/User/globalStorage/bmd.stm32-for-vscode/@xpack-dev-tools/arm-none-eabi-gcc/14.2.1-1.1.1/.content/bin/../lib/gcc/arm-none-eabi/14.2.1/thumb/v7-m/nofp\libgcc.a(_arm_truncdfsf2.o)
 .debug_line    0x000171c8      0x103 c:/Users/limak/AppData/Roaming/Code/User/globalStorage/bmd.stm32-for-vscode/@xpack-dev-tools/arm-none-eabi-gcc/14.2.1-1.1.1/.content/bin/../lib/gcc/arm-none-eabi/14.2.1/thumb/v7-m/nofp\libgcc.a(_arm_addsubsf3.o)
 .debug_line    0x000172cb       0x62 c:/Users/limak/AppData/Roaming/Code/User/globalStorage/bmd.stm32-for-vscode/@xpack-dev-tools/arm-none-eabi-gcc/14.2.1-1.1.1/.content/bin/../lib/gcc/arm-none-eabi/14.2.1/thumb/v7-m/nofp\libgcc.a(_arm_fixsfsi.o)

.debug_str      0x00000000     0x5a0a
 .debug_str     0x00000000     0x5a0a build/debug/dwt_stm32_delay.o
                                0x253 (size before relaxing)
 .debug_str     0x00005a0a      0x2bf build/debug/list.o
 .debug_str     0x00005a0a     0x1112 build/debug/main.o
 .debug_str     0x00005a0a      0x42b build/debug/port.o
 .debug_str     0x00005a0a      0x3da build/debug/stm32_sw_i2c.o
 .debug_str     0x00005a0a      0x8dc build/debug/stm32f1xx_hal.o
 .debug_str     0x00005a0a      0x981 build/debug/stm32f1xx_hal_cortex.o
 .debug_str     0x00005a0a      0x5c7 build/debug/stm32f1xx_hal_dma.o
 .debug_str     0x00005a0a      0x3ca build/debug/stm32f1xx_hal_gpio.o
 .debug_str     0x00005a0a      0xf8f build/debug/stm32f1xx_hal_i2c.o
 .debug_str     0x00005a0a      0xd05 build/debug/stm32f1xx_hal_msp.o
 .debug_str     0x00005a0a      0x5f5 build/debug/stm32f1xx_hal_rcc.o
 .debug_str     0x00005a0a     0x164f build/debug/stm32f1xx_hal_tim.o
 .debug_str     0x00005a0a      0xe5b build/debug/stm32f1xx_hal_tim_ex.o
 .debug_str     0x00005a0a      0xbba build/debug/stm32f1xx_hal_timebase_tim.o
 .debug_str     0x00005a0a      0xcbe build/debug/stm32f1xx_hal_uart.o
 .debug_str     0x00005a0a      0x912 build/debug/stm32f1xx_it.o
 .debug_str     0x00005a0a      0x1e2 build/debug/sysmem.o
 .debug_str     0x00005a0a      0x21e build/debug/system_stm32f1xx.o
 .debug_str     0x00005a0a      0xfd8 build/debug/tasks.o
 .debug_str     0x00005a0a       0x51 build/debug/startup_stm32f103xe.o
 .debug_str     0x00005a0a      0x151 c:/Users/limak/AppData/Roaming/Code/User/globalStorage/bmd.stm32-for-vscode/@xpack-dev-tools/arm-none-eabi-gcc/14.2.1-1.1.1/.content/bin/../lib/gcc/arm-none-eabi/14.2.1/thumb/v7-m/nofp\libgcc.a(_arm_mulsf3.o)
 .debug_str     0x00005a0a      0x1e7 c:/Users/limak/AppData/Roaming/Code/User/globalStorage/bmd.stm32-for-vscode/@xpack-dev-tools/arm-none-eabi-gcc/14.2.1-1.1.1/.content/bin/../lib/gcc/arm-none-eabi/14.2.1/thumb/v7-m/nofp\libgcc.a(_arm_addsubdf3.o)
 .debug_str     0x00005a0a      0x167 c:/Users/limak/AppData/Roaming/Code/User/globalStorage/bmd.stm32-for-vscode/@xpack-dev-tools/arm-none-eabi-gcc/14.2.1-1.1.1/.content/bin/../lib/gcc/arm-none-eabi/14.2.1/thumb/v7-m/nofp\libgcc.a(_arm_muldivdf3.o)
 .debug_str     0x00005a0a      0x154 c:/Users/limak/AppData/Roaming/Code/User/globalStorage/bmd.stm32-for-vscode/@xpack-dev-tools/arm-none-eabi-gcc/14.2.1-1.1.1/.content/bin/../lib/gcc/arm-none-eabi/14.2.1/thumb/v7-m/nofp\libgcc.a(_arm_truncdfsf2.o)
 .debug_str     0x00005a0a      0x1db c:/Users/limak/AppData/Roaming/Code/User/globalStorage/bmd.stm32-for-vscode/@xpack-dev-tools/arm-none-eabi-gcc/14.2.1-1.1.1/.content/bin/../lib/gcc/arm-none-eabi/14.2.1/thumb/v7-m/nofp\libgcc.a(_arm_addsubsf3.o)
 .debug_str     0x00005a0a      0x152 c:/Users/limak/AppData/Roaming/Code/User/globalStorage/bmd.stm32-for-vscode/@xpack-dev-tools/arm-none-eabi-gcc/14.2.1-1.1.1/.content/bin/../lib/gcc/arm-none-eabi/14.2.1/thumb/v7-m/nofp\libgcc.a(_arm_fixsfsi.o)

.debug_frame    0x00000000     0x337c
 .debug_frame   0x00000000       0x20 build/debug/dwt_stm32_delay.o
 .debug_frame   0x00000020       0x70 build/debug/list.o
 .debug_frame   0x00000090      0x168 build/debug/main.o
 .debug_frame   0x000001f8       0xf0 build/debug/port.o
 .debug_frame   0x000002e8      0x1a8 build/debug/stm32_sw_i2c.o
 .debug_frame   0x00000490      0x1cc build/debug/stm32f1xx_hal.o
 .debug_frame   0x0000065c      0x19c build/debug/stm32f1xx_hal_cortex.o
 .debug_frame   0x000007f8      0x13c build/debug/stm32f1xx_hal_dma.o
 .debug_frame   0x00000934       0xe4 build/debug/stm32f1xx_hal_gpio.o
 .debug_frame   0x00000a18      0x988 build/debug/stm32f1xx_hal_i2c.o
 .debug_frame   0x000013a0       0xa0 build/debug/stm32f1xx_hal_msp.o
 .debug_frame   0x00001440      0x184 build/debug/stm32f1xx_hal_rcc.o
 .debug_frame   0x000015c4      0xb08 build/debug/stm32f1xx_hal_tim.o
 .debug_frame   0x000020cc      0x418 build/debug/stm32f1xx_hal_tim_ex.o
 .debug_frame   0x000024e4       0x54 build/debug/stm32f1xx_hal_timebase_tim.o
 .debug_frame   0x00002538      0x5dc build/debug/stm32f1xx_hal_uart.o
 .debug_frame   0x00002b14       0xb8 build/debug/stm32f1xx_it.o
 .debug_frame   0x00002bcc       0x28 build/debug/sysmem.o
 .debug_frame   0x00002bf4       0x30 build/debug/system_stm32f1xx.o
 .debug_frame   0x00002c24      0x584 build/debug/tasks.o
 .debug_frame   0x000031a8       0x20 c:/Users/limak/AppData/Roaming/Code/User/globalStorage/bmd.stm32-for-vscode/@xpack-dev-tools/arm-none-eabi-gcc/14.2.1-1.1.1/.content/bin/../lib/gcc/arm-none-eabi/14.2.1/../../../../arm-none-eabi/lib/thumb/v7-m/nofp\libc_nano.a(libc_a-strlen.o)
 .debug_frame   0x000031c8       0x24 c:/Users/limak/AppData/Roaming/Code/User/globalStorage/bmd.stm32-for-vscode/@xpack-dev-tools/arm-none-eabi-gcc/14.2.1-1.1.1/.content/bin/../lib/gcc/arm-none-eabi/14.2.1/thumb/v7-m/nofp\libgcc.a(_arm_mulsf3.o)
 .debug_frame   0x000031ec       0xac c:/Users/limak/AppData/Roaming/Code/User/globalStorage/bmd.stm32-for-vscode/@xpack-dev-tools/arm-none-eabi-gcc/14.2.1-1.1.1/.content/bin/../lib/gcc/arm-none-eabi/14.2.1/thumb/v7-m/nofp\libgcc.a(_arm_addsubdf3.o)
 .debug_frame   0x00003298       0x50 c:/Users/limak/AppData/Roaming/Code/User/globalStorage/bmd.stm32-for-vscode/@xpack-dev-tools/arm-none-eabi-gcc/14.2.1-1.1.1/.content/bin/../lib/gcc/arm-none-eabi/14.2.1/thumb/v7-m/nofp\libgcc.a(_arm_muldivdf3.o)
 .debug_frame   0x000032e8       0x24 c:/Users/limak/AppData/Roaming/Code/User/globalStorage/bmd.stm32-for-vscode/@xpack-dev-tools/arm-none-eabi-gcc/14.2.1-1.1.1/.content/bin/../lib/gcc/arm-none-eabi/14.2.1/thumb/v7-m/nofp\libgcc.a(_arm_truncdfsf2.o)
 .debug_frame   0x0000330c       0x4c c:/Users/limak/AppData/Roaming/Code/User/globalStorage/bmd.stm32-for-vscode/@xpack-dev-tools/arm-none-eabi-gcc/14.2.1-1.1.1/.content/bin/../lib/gcc/arm-none-eabi/14.2.1/thumb/v7-m/nofp\libgcc.a(_arm_addsubsf3.o)
 .debug_frame   0x00003358       0x24 c:/Users/limak/AppData/Roaming/Code/User/globalStorage/bmd.stm32-for-vscode/@xpack-dev-tools/arm-none-eabi-gcc/14.2.1-1.1.1/.content/bin/../lib/gcc/arm-none-eabi/14.2.1/thumb/v7-m/nofp\libgcc.a(_arm_fixsfsi.o)

.debug_loclists
                0x00000000     0xd8d5
 .debug_loclists
                0x00000000       0x75 build/debug/list.o
 .debug_loclists
                0x00000075      0x1ec build/debug/main.o
 .debug_loclists
                0x00000261       0x98 build/debug/port.o
 .debug_loclists
                0x000002f9      0x3cc build/debug/stm32_sw_i2c.o
 .debug_loclists
                0x000006c5       0xe1 build/debug/stm32f1xx_hal.o
 .debug_loclists
                0x000007a6      0x530 build/debug/stm32f1xx_hal_cortex.o
 .debug_loclists
                0x00000cd6      0x577 build/debug/stm32f1xx_hal_dma.o
 .debug_loclists
                0x0000124d      0x302 build/debug/stm32f1xx_hal_gpio.o
 .debug_loclists
                0x0000154f     0x316e build/debug/stm32f1xx_hal_i2c.o
 .debug_loclists
                0x000046bd      0x12c build/debug/stm32f1xx_hal_msp.o
 .debug_loclists
                0x000047e9      0x435 build/debug/stm32f1xx_hal_rcc.o
 .debug_loclists
                0x00004c1e     0x37b9 build/debug/stm32f1xx_hal_tim.o
 .debug_loclists
                0x000083d7     0x13df build/debug/stm32f1xx_hal_tim_ex.o
 .debug_loclists
                0x000097b6       0x96 build/debug/stm32f1xx_hal_timebase_tim.o
 .debug_loclists
                0x0000984c     0x2cdc build/debug/stm32f1xx_hal_uart.o
 .debug_loclists
                0x0000c528       0x52 build/debug/sysmem.o
 .debug_loclists
                0x0000c57a       0xb7 build/debug/system_stm32f1xx.o
 .debug_loclists
                0x0000c631     0x12a4 build/debug/tasks.o

.debug_line_str
                0x00000000      0x16f
 .debug_line_str
                0x00000000      0x16f build/debug/startup_stm32f103xe.o
                                 0x35 (size before relaxing)
 .debug_line_str
                0x0000016f      0x12d c:/Users/limak/AppData/Roaming/Code/User/globalStorage/bmd.stm32-for-vscode/@xpack-dev-tools/arm-none-eabi-gcc/14.2.1-1.1.1/.content/bin/../lib/gcc/arm-none-eabi/14.2.1/thumb/v7-m/nofp\libgcc.a(_arm_mulsf3.o)
 .debug_line_str
                0x0000016f      0x12d c:/Users/limak/AppData/Roaming/Code/User/globalStorage/bmd.stm32-for-vscode/@xpack-dev-tools/arm-none-eabi-gcc/14.2.1-1.1.1/.content/bin/../lib/gcc/arm-none-eabi/14.2.1/thumb/v7-m/nofp\libgcc.a(_arm_addsubdf3.o)
 .debug_line_str
                0x0000016f      0x12d c:/Users/limak/AppData/Roaming/Code/User/globalStorage/bmd.stm32-for-vscode/@xpack-dev-tools/arm-none-eabi-gcc/14.2.1-1.1.1/.content/bin/../lib/gcc/arm-none-eabi/14.2.1/thumb/v7-m/nofp\libgcc.a(_arm_muldivdf3.o)
 .debug_line_str
                0x0000016f      0x12d c:/Users/limak/AppData/Roaming/Code/User/globalStorage/bmd.stm32-for-vscode/@xpack-dev-tools/arm-none-eabi-gcc/14.2.1-1.1.1/.content/bin/../lib/gcc/arm-none-eabi/14.2.1/thumb/v7-m/nofp\libgcc.a(_arm_truncdfsf2.o)
 .debug_line_str
                0x0000016f      0x12d c:/Users/limak/AppData/Roaming/Code/User/globalStorage/bmd.stm32-for-vscode/@xpack-dev-tools/arm-none-eabi-gcc/14.2.1-1.1.1/.content/bin/../lib/gcc/arm-none-eabi/14.2.1/thumb/v7-m/nofp\libgcc.a(_arm_addsubsf3.o)
 .debug_line_str
                0x0000016f      0x12d c:/Users/limak/AppData/Roaming/Code/User/globalStorage/bmd.stm32-for-vscode/@xpack-dev-tools/arm-none-eabi-gcc/14.2.1-1.1.1/.content/bin/../lib/gcc/arm-none-eabi/14.2.1/thumb/v7-m/nofp\libgcc.a(_arm_fixsfsi.o)

Cross Reference Table

Symbol                                            File
ADC1_2_IRQHandler                                 build/debug/startup_stm32f103xe.o
ADC3_IRQHandler                                   build/debug/startup_stm32f103xe.o
AHBPrescTable                                     build/debug/system_stm32f1xx.o
                                                  build/debug/stm32f1xx_hal_rcc.o
APBPrescTable                                     build/debug/system_stm32f1xx.o
                                                  build/debug/stm32f1xx_hal_rcc.o
BusFault_Handler                                  build/debug/stm32f1xx_it.o
CAN1_RX1_IRQHandler                               build/debug/startup_stm32f103xe.o
CAN1_SCE_IRQHandler                               build/debug/startup_stm32f103xe.o
DMA1_Channel1_IRQHandler                          build/debug/startup_stm32f103xe.o
DMA1_Channel2_IRQHandler                          build/debug/startup_stm32f103xe.o
DMA1_Channel3_IRQHandler                          build/debug/startup_stm32f103xe.o
DMA1_Channel4_IRQHandler                          build/debug/startup_stm32f103xe.o
DMA1_Channel5_IRQHandler                          build/debug/startup_stm32f103xe.o
DMA1_Channel6_IRQHandler                          build/debug/startup_stm32f103xe.o
DMA1_Channel7_IRQHandler                          build/debug/startup_stm32f103xe.o
DMA2_Channel1_IRQHandler                          build/debug/startup_stm32f103xe.o
DMA2_Channel2_IRQHandler                          build/debug/startup_stm32f103xe.o
DMA2_Channel3_IRQHandler                          build/debug/startup_stm32f103xe.o
DMA2_Channel4_5_IRQHandler                        build/debug/startup_stm32f103xe.o
DWT_Delay_Init                                    build/debug/dwt_stm32_delay.o
                                                  build/debug/main.o
DebugMon_Handler                                  build/debug/stm32f1xx_it.o
Default_Handler                                   build/debug/startup_stm32f103xe.o
EXTI0_IRQHandler                                  build/debug/startup_stm32f103xe.o
EXTI15_10_IRQHandler                              build/debug/startup_stm32f103xe.o
EXTI1_IRQHandler                                  build/debug/startup_stm32f103xe.o
EXTI2_IRQHandler                                  build/debug/startup_stm32f103xe.o
EXTI3_IRQHandler                                  build/debug/startup_stm32f103xe.o
EXTI4_IRQHandler                                  build/debug/startup_stm32f103xe.o
EXTI9_5_IRQHandler                                build/debug/startup_stm32f103xe.o
Error_Handler                                     build/debug/main.o
FLASH_IRQHandler                                  build/debug/startup_stm32f103xe.o
FLASH_PageErase                                   build/debug/stm32f1xx_hal_flash_ex.o
                                                  build/debug/stm32f1xx_hal_flash.o
FLASH_WaitForLastOperation                        build/debug/stm32f1xx_hal_flash.o
                                                  build/debug/stm32f1xx_hal_flash_ex.o
FSMC_IRQHandler                                   build/debug/startup_stm32f103xe.o
HAL_DBGMCU_DisableDBGSleepMode                    build/debug/stm32f1xx_hal.o
HAL_DBGMCU_DisableDBGStandbyMode                  build/debug/stm32f1xx_hal.o
HAL_DBGMCU_DisableDBGStopMode                     build/debug/stm32f1xx_hal.o
HAL_DBGMCU_EnableDBGSleepMode                     build/debug/stm32f1xx_hal.o
HAL_DBGMCU_EnableDBGStandbyMode                   build/debug/stm32f1xx_hal.o
HAL_DBGMCU_EnableDBGStopMode                      build/debug/stm32f1xx_hal.o
HAL_DMA_Abort                                     build/debug/stm32f1xx_hal_dma.o
                                                  build/debug/stm32f1xx_hal_uart.o
HAL_DMA_Abort_IT                                  build/debug/stm32f1xx_hal_dma.o
                                                  build/debug/stm32f1xx_hal_uart.o
                                                  build/debug/stm32f1xx_hal_tim_ex.o
                                                  build/debug/stm32f1xx_hal_tim.o
                                                  build/debug/stm32f1xx_hal_i2c.o
HAL_DMA_DeInit                                    build/debug/stm32f1xx_hal_dma.o
HAL_DMA_GetError                                  build/debug/stm32f1xx_hal_dma.o
                                                  build/debug/stm32f1xx_hal_uart.o
HAL_DMA_GetState                                  build/debug/stm32f1xx_hal_dma.o
                                                  build/debug/stm32f1xx_hal_i2c.o
HAL_DMA_IRQHandler                                build/debug/stm32f1xx_hal_dma.o
HAL_DMA_Init                                      build/debug/stm32f1xx_hal_dma.o
HAL_DMA_PollForTransfer                           build/debug/stm32f1xx_hal_dma.o